Jan 20 03:06:41 LAPTOP-DT44HS44 systemd[1]: logrotate.service: Deactivated successfully.
Jan 20 03:06:41 LAPTOP-DT44HS44 systemd[1]: Finished Rotate log files.
Jan 20 03:06:41 LAPTOP-DT44HS44 systemd[1]: logrotate.service: Consumed 1.286s CPU time.
Jan 20 09:31:19 LAPTOP-DT44HS44 systemd-resolved[101]: Clock change detected. Flushing caches.
Jan 20 09:31:18 LAPTOP-DT44HS44 systemd-resolved[101]: Clock change detected. Flushing caches.
Jan 20 09:31:19 LAPTOP-DT44HS44 systemd[1]: Starting Daily apt download activities...
Jan 20 09:31:19 LAPTOP-DT44HS44 systemd[1]: Starting Message of the Day...
Jan 20 09:31:19 LAPTOP-DT44HS44 systemd[1]: Starting Daily man-db regeneration...
Jan 20 09:31:22 LAPTOP-DT44HS44 systemd[1]: man-db.service: Deactivated successfully.
Jan 20 09:31:22 LAPTOP-DT44HS44 systemd[1]: Finished Daily man-db regeneration.
Jan 20 09:31:22 LAPTOP-DT44HS44 systemd[1]: man-db.service: Consumed 1.585s CPU time.
Jan 20 09:31:24 LAPTOP-DT44HS44 systemd[1]: Starting Update APT News...
Jan 20 09:31:24 LAPTOP-DT44HS44 systemd[1]: Starting Update the local ESM caches...
Jan 20 09:31:27 LAPTOP-DT44HS44 systemd[1]: esm-cache.service: Deactivated successfully.
Jan 20 09:31:27 LAPTOP-DT44HS44 systemd[1]: Finished Update the local ESM caches.
Jan 20 09:31:27 LAPTOP-DT44HS44 systemd[1]: esm-cache.service: Consumed 1.168s CPU time.
Jan 20 09:31:42 LAPTOP-DT44HS44 50-motd-news[4395]:  * Strictly confined Kubernetes makes edge and IoT secure. Learn how MicroK8s
Jan 20 09:31:42 LAPTOP-DT44HS44 50-motd-news[4395]:    just raised the bar for easy, resilient and secure K8s cluster deployment.
Jan 20 09:31:42 LAPTOP-DT44HS44 50-motd-news[4395]:    https://ubuntu.com/engage/secure-kubernetes-at-the-edge
Jan 20 09:31:42 LAPTOP-DT44HS44 systemd[1]: motd-news.service: Deactivated successfully.
Jan 20 09:31:42 LAPTOP-DT44HS44 systemd[1]: Finished Message of the Day.
Jan 20 09:31:42 LAPTOP-DT44HS44 systemd[1]: motd-news.service: Consumed 1.954s CPU time.
Jan 20 09:31:49 LAPTOP-DT44HS44 systemd-resolved[101]: Clock change detected. Flushing caches.
Jan 20 09:32:21 LAPTOP-DT44HS44 systemd-resolved[101]: Clock change detected. Flushing caches.
Jan 20 09:32:21 LAPTOP-DT44HS44 systemd[1]: apt-daily.service: Deactivated successfully.
Jan 20 09:32:21 LAPTOP-DT44HS44 systemd[1]: Finished Daily apt download activities.
Jan 20 09:32:21 LAPTOP-DT44HS44 systemd[1]: apt-daily.service: Consumed 1min 1.376s CPU time.
Jan 20 09:32:21 LAPTOP-DT44HS44 systemd[1]: Starting Daily apt upgrade and clean activities...
Jan 20 09:32:52 LAPTOP-DT44HS44 systemd-resolved[101]: Clock change detected. Flushing caches.
Jan 20 09:33:05 LAPTOP-DT44HS44 systemd[1]: apt-news.service: Deactivated successfully.
Jan 20 09:33:05 LAPTOP-DT44HS44 systemd[1]: Finished Update APT News.
Jan 20 09:33:19 LAPTOP-DT44HS44 systemd[1]: apt-daily-upgrade.service: Deactivated successfully.
Jan 20 09:33:19 LAPTOP-DT44HS44 systemd[1]: Finished Daily apt upgrade and clean activities.
Jan 20 09:33:19 LAPTOP-DT44HS44 systemd[1]: apt-daily-upgrade.service: Consumed 54.638s CPU time.
Jan 20 09:33:23 LAPTOP-DT44HS44 systemd-resolved[101]: Clock change detected. Flushing caches.
Jan 20 09:40:36 LAPTOP-DT44HS44 systemd-resolved[101]: message repeated 14 times: [ Clock change detected. Flushing caches.]
Jan 20 09:40:48 LAPTOP-DT44HS44 rsyslogd: [origin software="rsyslogd" swVersion="8.2112.0" x-pid="208" x-info="https://www.rsyslog.com"] rsyslogd was HUPed
Jan 20 09:41:07 LAPTOP-DT44HS44 systemd-resolved[101]: Clock change detected. Flushing caches.
Jan 20 09:42:24 LAPTOP-DT44HS44 kernel: [25178.458679] mini_init (202): drop_caches: 1
Jan 20 10:09:38 LAPTOP-DT44HS44 kernel: [26813.088669] mini_init (202): drop_caches: 1
Jan 20 10:16:33 LAPTOP-DT44HS44 systemd-resolved[101]: message repeated 69 times: [ Clock change detected. Flushing caches.]
Jan 20 10:17:01 LAPTOP-DT44HS44 CRON[5252]: (root) CMD (   cd / && run-parts --report /etc/cron.hourly)
Jan 20 10:17:04 LAPTOP-DT44HS44 systemd-resolved[101]: Clock change detected. Flushing caches.
Jan 20 10:38:14 LAPTOP-DT44HS44 kernel: [28529.069399] mini_init (202): drop_caches: 1
Jan 20 10:49:40 LAPTOP-DT44HS44 kernel: [29214.669029] mini_init (202): drop_caches: 1
Jan 20 10:51:34 LAPTOP-DT44HS44 kernel: [29328.769586] mini_init (202): drop_caches: 1
Jan 20 11:16:41 LAPTOP-DT44HS44 systemd-resolved[101]: message repeated 116 times: [ Clock change detected. Flushing caches.]
Jan 20 11:17:01 LAPTOP-DT44HS44 CRON[5287]: (root) CMD (   cd / && run-parts --report /etc/cron.hourly)
Jan 20 11:17:12 LAPTOP-DT44HS44 systemd-resolved[101]: Clock change detected. Flushing caches.
Jan 20 12:16:35 LAPTOP-DT44HS44 systemd-resolved[101]: message repeated 116 times: [ Clock change detected. Flushing caches.]
Jan 20 12:17:01 LAPTOP-DT44HS44 CRON[5443]: (root) CMD (   cd / && run-parts --report /etc/cron.hourly)
Jan 20 12:17:05 LAPTOP-DT44HS44 systemd-resolved[101]: Clock change detected. Flushing caches.
Jan 20 12:28:20 LAPTOP-DT44HS44 systemd-resolved[101]: message repeated 22 times: [ Clock change detected. Flushing caches.]
Jan 20 12:28:21 LAPTOP-DT44HS44 systemd[1]: Starting Message of the Day...
Jan 20 12:28:29 LAPTOP-DT44HS44 50-motd-news[5513]:  * Strictly confined Kubernetes makes edge and IoT secure. Learn how MicroK8s
Jan 20 12:28:29 LAPTOP-DT44HS44 50-motd-news[5513]:    just raised the bar for easy, resilient and secure K8s cluster deployment.
Jan 20 12:28:29 LAPTOP-DT44HS44 50-motd-news[5513]:    https://ubuntu.com/engage/secure-kubernetes-at-the-edge
Jan 20 12:28:29 LAPTOP-DT44HS44 systemd[1]: motd-news.service: Deactivated successfully.
Jan 20 12:28:29 LAPTOP-DT44HS44 systemd[1]: Finished Message of the Day.
Jan 20 12:28:29 LAPTOP-DT44HS44 systemd[1]: motd-news.service: Consumed 1.503s CPU time.
Jan 20 12:28:51 LAPTOP-DT44HS44 systemd-resolved[101]: Clock change detected. Flushing caches.
Jan 20 13:16:46 LAPTOP-DT44HS44 systemd-resolved[101]: message repeated 93 times: [ Clock change detected. Flushing caches.]
Jan 20 13:17:01 LAPTOP-DT44HS44 CRON[5706]: (root) CMD (   cd / && run-parts --report /etc/cron.hourly)
Jan 20 13:17:17 LAPTOP-DT44HS44 systemd-resolved[101]: Clock change detected. Flushing caches.
Jan 20 14:16:55 LAPTOP-DT44HS44 systemd-resolved[101]: message repeated 55 times: [ Clock change detected. Flushing caches.]
Jan 20 14:17:01 LAPTOP-DT44HS44 CRON[5830]: (root) CMD (   cd / && run-parts --report /etc/cron.hourly)
Jan 20 14:17:27 LAPTOP-DT44HS44 systemd-resolved[101]: Clock change detected. Flushing caches.
Jan 20 15:16:43 LAPTOP-DT44HS44 systemd-resolved[101]: message repeated 7 times: [ Clock change detected. Flushing caches.]
Jan 20 15:17:01 LAPTOP-DT44HS44 CRON[5846]: (root) CMD (   cd / && run-parts --report /etc/cron.hourly)
Jan 20 15:17:14 LAPTOP-DT44HS44 systemd-resolved[101]: Clock change detected. Flushing caches.
Jan 20 19:00:53 LAPTOP-DT44HS44 kernel: [43259.806301] WSL (218) ERROR: CheckConnection: getaddrinfo() failed: -5
Jan 20 19:00:53 LAPTOP-DT44HS44 kernel: [45352.703122] hv_utils: TimeSync IC version 4.0
Jan 20 19:01:01 LAPTOP-DT44HS44 kernel: [45360.571656] hv_utils: TimeSync IC version 4.0
Jan 20 19:08:46 LAPTOP-DT44HS44 systemd-resolved[101]: message repeated 175 times: [ Clock change detected. Flushing caches.]
Jan 20 19:08:56 LAPTOP-DT44HS44 systemd-timesyncd[134]: Timed out waiting for reply from 91.189.91.157:123 (ntp.ubuntu.com).
Jan 20 19:09:06 LAPTOP-DT44HS44 systemd-timesyncd[134]: Timed out waiting for reply from 185.125.190.58:123 (ntp.ubuntu.com).
Jan 20 19:09:16 LAPTOP-DT44HS44 systemd-timesyncd[134]: Timed out waiting for reply from 185.125.190.57:123 (ntp.ubuntu.com).
Jan 20 19:09:26 LAPTOP-DT44HS44 systemd-timesyncd[134]: Timed out waiting for reply from 185.125.190.56:123 (ntp.ubuntu.com).
Jan 20 19:09:56 LAPTOP-DT44HS44 systemd-timesyncd[134]: Initial synchronization to time server 91.189.91.157:123 (ntp.ubuntu.com).
Jan 20 19:09:56 LAPTOP-DT44HS44 systemd-resolved[101]: Clock change detected. Flushing caches.
Jan 20 19:14:27 LAPTOP-DT44HS44 systemd-resolved[101]: message repeated 9 times: [ Clock change detected. Flushing caches.]
Jan 20 19:14:27 LAPTOP-DT44HS44 systemd[1]: Starting Daily apt download activities...
Jan 20 19:14:29 LAPTOP-DT44HS44 systemd[1]: apt-daily.service: Deactivated successfully.
Jan 20 19:14:29 LAPTOP-DT44HS44 systemd[1]: Finished Daily apt download activities.
Jan 20 19:14:29 LAPTOP-DT44HS44 systemd[1]: apt-daily.service: Consumed 1.884s CPU time.
Jan 20 19:14:56 LAPTOP-DT44HS44 systemd-resolved[101]: Clock change detected. Flushing caches.
Jan 20 19:15:03 LAPTOP-DT44HS44 kernel: [45429.049076] WSL (218) ERROR: CheckConnection: getaddrinfo() failed: -5
Jan 20 19:15:03 LAPTOP-DT44HS44 kernel: [45740.349421] mini_init (202): drop_caches: 1
Jan 20 19:16:55 LAPTOP-DT44HS44 systemd-resolved[101]: message repeated 4 times: [ Clock change detected. Flushing caches.]
Jan 20 19:17:01 LAPTOP-DT44HS44 CRON[6237]: (root) CMD (   cd / && run-parts --report /etc/cron.hourly)
Jan 20 19:17:39 LAPTOP-DT44HS44 systemd-resolved[101]: Clock change detected. Flushing caches.
Jan 20 20:59:27 LAPTOP-DT44HS44 systemd-resolved[101]: message repeated 40 times: [ Clock change detected. Flushing caches.]
Jan 20 21:17:02 LAPTOP-DT44HS44 CRON[6357]: (root) CMD (   cd / && run-parts --report /etc/cron.hourly)
Jan 20 21:41:25 LAPTOP-DT44HS44 systemd-resolved[101]: Clock change detected. Flushing caches.
Jan 20 22:26:06 LAPTOP-DT44HS44 kernel: [46835.202535] WSL (218) ERROR: CheckConnection: getaddrinfo() failed: -5
Jan 20 23:44:08 LAPTOP-DT44HS44 kernel: [49601.691022] WSL (218) ERROR: CheckConnection: getaddrinfo() failed: -5
Jan 20 23:44:08 LAPTOP-DT44HS44 kernel: [51594.875959] hv_utils: TimeSync IC version 4.0
Jan 21 03:48:11 LAPTOP-DT44HS44 systemd-resolved[101]: message repeated 4 times: [ Clock change detected. Flushing caches.]
Jan 21 03:48:11 LAPTOP-DT44HS44 systemd[1]: Starting Daily dpkg database backup service...
Jan 21 03:48:11 LAPTOP-DT44HS44 systemd[1]: Condition check resulted in Rotate log files being skipped.
Jan 21 03:48:14 LAPTOP-DT44HS44 systemd[1]: dpkg-db-backup.service: Deactivated successfully.
Jan 21 03:48:14 LAPTOP-DT44HS44 systemd[1]: Finished Daily dpkg database backup service.
Jan 21 03:48:14 LAPTOP-DT44HS44 systemd[1]: dpkg-db-backup.service: Consumed 2.301s CPU time.
Jan 21 03:48:16 LAPTOP-DT44HS44 kernel: [51600.586024] hv_utils: TimeSync IC version 4.0
Jan 21 08:54:50 LAPTOP-DT44HS44 systemd-resolved[101]: Clock change detected. Flushing caches.
Jan 21 08:54:51 LAPTOP-DT44HS44 systemd[1]: Starting Daily apt upgrade and clean activities...
Jan 21 08:54:51 LAPTOP-DT44HS44 systemd[1]: Starting Message of the Day...
Jan 21 08:55:00 LAPTOP-DT44HS44 systemd-timesyncd[134]: Timed out waiting for reply from 91.189.91.157:123 (ntp.ubuntu.com).
Jan 21 08:55:10 LAPTOP-DT44HS44 systemd-timesyncd[134]: Timed out waiting for reply from 185.125.190.57:123 (ntp.ubuntu.com).
Jan 21 08:55:13 LAPTOP-DT44HS44 systemd[1]: motd-news.service: Deactivated successfully.
Jan 21 08:55:13 LAPTOP-DT44HS44 systemd[1]: Finished Message of the Day.
Jan 21 08:55:13 LAPTOP-DT44HS44 systemd[1]: motd-news.service: Consumed 8.908s CPU time.
Jan 21 08:55:15 LAPTOP-DT44HS44 systemd[1]: apt-daily-upgrade.service: Deactivated successfully.
Jan 21 08:55:15 LAPTOP-DT44HS44 systemd[1]: Finished Daily apt upgrade and clean activities.
Jan 21 08:55:15 LAPTOP-DT44HS44 systemd[1]: apt-daily-upgrade.service: Consumed 21.197s CPU time.
Jan 21 08:55:21 LAPTOP-DT44HS44 systemd-timesyncd[134]: Timed out waiting for reply from 185.125.190.56:123 (ntp.ubuntu.com).
Jan 21 08:55:31 LAPTOP-DT44HS44 systemd-timesyncd[134]: Timed out waiting for reply from 185.125.190.58:123 (ntp.ubuntu.com).
Jan 21 08:56:01 LAPTOP-DT44HS44 kernel: [51671.467592] mini_init (202): drop_caches: 1
Jan 21 09:12:35 LAPTOP-DT44HS44 systemd-timesyncd[134]: Initial synchronization to time server 91.189.91.157:123 (ntp.ubuntu.com).
Jan 21 09:17:01 LAPTOP-DT44HS44 CRON[6722]: (root) CMD (   cd / && run-parts --report /etc/cron.hourly)
Jan 21 09:25:52 LAPTOP-DT44HS44 systemd[1]: Starting Daily apt download activities...
Jan 21 09:25:53 LAPTOP-DT44HS44 systemd[1]: Starting Update APT News...
Jan 21 09:25:53 LAPTOP-DT44HS44 systemd[1]: Starting Update the local ESM caches...
Jan 21 09:25:56 LAPTOP-DT44HS44 systemd[1]: esm-cache.service: Deactivated successfully.
Jan 21 09:25:56 LAPTOP-DT44HS44 systemd[1]: Finished Update the local ESM caches.
Jan 21 09:25:56 LAPTOP-DT44HS44 systemd[1]: esm-cache.service: Consumed 2.031s CPU time.
Jan 21 09:26:08 LAPTOP-DT44HS44 systemd[1]: apt-daily.service: Deactivated successfully.
Jan 21 09:26:08 LAPTOP-DT44HS44 systemd[1]: Finished Daily apt download activities.
Jan 21 09:26:08 LAPTOP-DT44HS44 systemd[1]: apt-daily.service: Consumed 16.203s CPU time.
Jan 21 09:26:36 LAPTOP-DT44HS44 systemd[1]: apt-news.service: Deactivated successfully.
Jan 21 09:26:36 LAPTOP-DT44HS44 systemd[1]: Finished Update APT News.
Jan 21 09:26:36 LAPTOP-DT44HS44 systemd[1]: apt-news.service: Consumed 1.186s CPU time.
Jan 21 09:27:01 LAPTOP-DT44HS44 kernel: [52641.745125] WSL (218) ERROR: CheckConnection: getaddrinfo() failed: -5
Jan 21 09:27:01 LAPTOP-DT44HS44 kernel: [53531.230592] mini_init (202): drop_caches: 1
Jan 21 10:17:01 LAPTOP-DT44HS44 CRON[7354]: (root) CMD (   cd / && run-parts --report /etc/cron.hourly)
Jan 21 10:22:31 LAPTOP-DT44HS44 systemd-resolved[101]: Clock change detected. Flushing caches.
Jan 21 10:22:31 LAPTOP-DT44HS44 systemd[1]: Condition check resulted in Daily man-db regeneration being skipped.
Jan 21 10:34:56 LAPTOP-DT44HS44 kernel: [57606.222936] Adjusting tsc more than 11% (5288604 vs 6643377)
Jan 21 10:48:53 LAPTOP-DT44HS44 systemd-resolved[101]: Clock change detected. Flushing caches.
Jan 21 11:17:01 LAPTOP-DT44HS44 CRON[7580]: (root) CMD (   cd / && run-parts --report /etc/cron.hourly)
Jan 21 12:17:01 LAPTOP-DT44HS44 CRON[7843]: (root) CMD (   cd / && run-parts --report /etc/cron.hourly)
Jan 21 13:02:29 LAPTOP-DT44HS44 systemd-resolved[101]: Clock change detected. Flushing caches.
Jan 21 13:12:26 LAPTOP-DT44HS44 systemd-resolved[101]: Clock change detected. Flushing caches.
Jan 21 13:17:01 LAPTOP-DT44HS44 CRON[7888]: (root) CMD (   cd / && run-parts --report /etc/cron.hourly)
Jan 21 13:52:17 LAPTOP-DT44HS44 systemd-resolved[101]: Clock change detected. Flushing caches.
Jan 21 14:48:01 LAPTOP-DT44HS44 systemd-resolved[101]: message repeated 2 times: [ Clock change detected. Flushing caches.]
Jan 21 14:48:01 LAPTOP-DT44HS44 systemd[1]: Starting Message of the Day...
Jan 21 14:48:04 LAPTOP-DT44HS44 kernel: [68927.300484] WSL (218) ERROR: CheckConnection: getaddrinfo() failed: -5
Jan 21 14:48:46 LAPTOP-DT44HS44 50-motd-news[7995]:  * Strictly confined Kubernetes makes edge and IoT secure. Learn how MicroK8s
Jan 21 14:48:46 LAPTOP-DT44HS44 50-motd-news[7995]:    just raised the bar for easy, resilient and secure K8s cluster deployment.
Jan 21 14:48:46 LAPTOP-DT44HS44 50-motd-news[7995]:    https://ubuntu.com/engage/secure-kubernetes-at-the-edge
Jan 21 14:48:46 LAPTOP-DT44HS44 systemd[1]: motd-news.service: Deactivated successfully.
Jan 21 14:48:46 LAPTOP-DT44HS44 systemd[1]: Finished Message of the Day.
Jan 21 14:48:46 LAPTOP-DT44HS44 systemd[1]: motd-news.service: Consumed 2.149s CPU time.
Jan 21 15:17:01 LAPTOP-DT44HS44 CRON[8108]: (root) CMD (   cd / && run-parts --report /etc/cron.hourly)
Jan 21 16:17:01 LAPTOP-DT44HS44 CRON[8352]: (root) CMD (   cd / && run-parts --report /etc/cron.hourly)
Jan 21 17:00:10 LAPTOP-DT44HS44 systemd-resolved[101]: Clock change detected. Flushing caches.
Jan 21 17:00:27 LAPTOP-DT44HS44 kernel: [69952.438645] WSL (218) ERROR: CheckConnection: getaddrinfo() failed: -5
Jan 21 17:01:04 LAPTOP-DT44HS44 kernel: [77883.763857] WSL (218) ERROR: CheckConnection: getaddrinfo() failed: -5
Jan 21 17:01:04 LAPTOP-DT44HS44 kernel: [77920.384325] mini_init (202): drop_caches: 1
Jan 21 20:14:35 LAPTOP-DT44HS44 systemd-resolved[101]: message repeated 5 times: [ Clock change detected. Flushing caches.]
Jan 21 20:14:37 LAPTOP-DT44HS44 systemd[1]: Condition check resulted in Daily apt download activities being skipped.
Jan 21 22:28:09 LAPTOP-DT44HS44 systemd-resolved[101]: Clock change detected. Flushing caches.
Jan 21 22:28:10 LAPTOP-DT44HS44 kernel: [78170.031263] WSL (218) ERROR: CheckConnection: getaddrinfo() failed: -3
Jan 21 22:28:10 LAPTOP-DT44HS44 kernel: [78170.066810] hv_utils: TimeSync IC version 4.0
Jan 22 13:41:40 LAPTOP-DT44HS44 kernel: [78173.660173] hv_utils: TimeSync IC version 4.0
Jan 22 13:41:40 LAPTOP-DT44HS44 systemd-resolved[101]: message repeated 2 times: [ Clock change detected. Flushing caches.]
Jan 22 13:41:40 LAPTOP-DT44HS44 systemd[1]: Condition check resulted in Daily apt download activities being skipped.
Jan 22 13:41:40 LAPTOP-DT44HS44 systemd[1]: Condition check resulted in Daily apt upgrade and clean activities being skipped.
Jan 22 13:41:43 LAPTOP-DT44HS44 systemd[1]: Starting Daily dpkg database backup service...
Jan 22 13:41:43 LAPTOP-DT44HS44 systemd[1]: Starting Message of the Day...
Jan 22 13:41:43 LAPTOP-DT44HS44 systemd[1]: Condition check resulted in Rotate log files being skipped.
Jan 22 13:41:43 LAPTOP-DT44HS44 systemd[1]: Condition check resulted in Daily man-db regeneration being skipped.
Jan 22 13:41:44 LAPTOP-DT44HS44 systemd[1]: dpkg-db-backup.service: Deactivated successfully.
Jan 22 13:41:44 LAPTOP-DT44HS44 systemd[1]: Finished Daily dpkg database backup service.
Jan 22 13:41:50 LAPTOP-DT44HS44 systemd-timesyncd[134]: Timed out waiting for reply from 91.189.91.157:123 (ntp.ubuntu.com).
Jan 22 13:42:00 LAPTOP-DT44HS44 systemd-timesyncd[134]: Timed out waiting for reply from 185.125.190.56:123 (ntp.ubuntu.com).
Jan 22 13:42:02 LAPTOP-DT44HS44 systemd[1]: motd-news.service: Deactivated successfully.
Jan 22 13:42:02 LAPTOP-DT44HS44 systemd[1]: Finished Message of the Day.
Jan 22 13:42:02 LAPTOP-DT44HS44 systemd[1]: motd-news.service: Consumed 8.908s CPU time.
Jan 22 13:42:10 LAPTOP-DT44HS44 systemd-timesyncd[134]: Timed out waiting for reply from 185.125.190.57:123 (ntp.ubuntu.com).
Jan 22 13:42:21 LAPTOP-DT44HS44 systemd-timesyncd[134]: Timed out waiting for reply from 185.125.190.58:123 (ntp.ubuntu.com).
Jan 22 13:42:22 LAPTOP-DT44HS44 kernel: [78175.067811] WSL (218) ERROR: CheckConnection: getaddrinfo() failed: -3
Jan 22 13:42:22 LAPTOP-DT44HS44 kernel: [78216.568115] mini_init (202): drop_caches: 1
Jan 22 14:16:47 LAPTOP-DT44HS44 systemd-resolved[101]: Clock change detected. Flushing caches.
Jan 22 14:16:47 LAPTOP-DT44HS44 systemd-timesyncd[134]: Initial synchronization to time server 91.189.91.157:123 (ntp.ubuntu.com).
Jan 22 14:17:00 LAPTOP-DT44HS44 CRON[8828]: (root) CMD (   cd / && run-parts --report /etc/cron.hourly)
Jan 22 14:18:54 LAPTOP-DT44HS44 systemd-resolved[101]: Clock change detected. Flushing caches.
Jan 22 15:16:55 LAPTOP-DT44HS44 systemd-resolved[101]: message repeated 106 times: [ Clock change detected. Flushing caches.]
Jan 22 15:17:01 LAPTOP-DT44HS44 CRON[9212]: (root) CMD (   cd / && run-parts --report /etc/cron.hourly)
Jan 22 15:17:25 LAPTOP-DT44HS44 systemd-resolved[101]: Clock change detected. Flushing caches.
Jan 22 15:41:58 LAPTOP-DT44HS44 systemd-resolved[101]: message repeated 43 times: [ Clock change detected. Flushing caches.]
Jan 22 15:41:58 LAPTOP-DT44HS44 systemd[1]: Starting Cleanup of Temporary Directories...
Jan 22 15:41:58 LAPTOP-DT44HS44 systemd[1]: systemd-tmpfiles-clean.service: Deactivated successfully.
Jan 22 15:41:58 LAPTOP-DT44HS44 systemd[1]: Finished Cleanup of Temporary Directories.
Jan 22 15:42:29 LAPTOP-DT44HS44 systemd-resolved[101]: Clock change detected. Flushing caches.
Jan 22 16:14:47 LAPTOP-DT44HS44 systemd-resolved[101]: message repeated 60 times: [ Clock change detected. Flushing caches.]
Jan 22 16:17:01 LAPTOP-DT44HS44 CRON[9449]: (root) CMD (   cd / && run-parts --report /etc/cron.hourly)
Jan 22 20:42:10 LAPTOP-DT44HS44 systemd-resolved[101]: Clock change detected. Flushing caches.
Jan 23 03:26:14 LAPTOP-DT44HS44 systemd-resolved[101]: message repeated 2 times: [ Clock change detected. Flushing caches.]
Jan 23 03:26:15 LAPTOP-DT44HS44 systemd[1]: Starting Daily apt download activities...
Jan 23 03:26:15 LAPTOP-DT44HS44 systemd[1]: Starting Daily dpkg database backup service...
Jan 23 03:26:18 LAPTOP-DT44HS44 systemd[1]: Starting Rotate log files...
Jan 23 03:26:18 LAPTOP-DT44HS44 systemd[1]: dpkg-db-backup.service: Deactivated successfully.
Jan 23 03:26:18 LAPTOP-DT44HS44 systemd[1]: Finished Daily dpkg database backup service.
Jan 23 03:26:18 LAPTOP-DT44HS44 systemd[1]: dpkg-db-backup.service: Consumed 2.712s CPU time.
Jan 23 03:26:19 LAPTOP-DT44HS44 kernel: [80048.816736] WSL (218) ERROR: CheckConnection: getaddrinfo() failed: -5
Jan 23 03:26:19 LAPTOP-DT44HS44 systemd[1]: logrotate.service: Deactivated successfully.
Jan 23 03:26:19 LAPTOP-DT44HS44 systemd[1]: Finished Rotate log files.
Jan 23 03:26:22 LAPTOP-DT44HS44 systemd[1]: Starting Update APT News...
Jan 23 03:26:22 LAPTOP-DT44HS44 systemd[1]: Starting Update the local ESM caches...
Jan 23 03:26:26 LAPTOP-DT44HS44 systemd[1]: esm-cache.service: Deactivated successfully.
Jan 23 03:26:26 LAPTOP-DT44HS44 systemd[1]: Finished Update the local ESM caches.
Jan 23 03:26:26 LAPTOP-DT44HS44 systemd[1]: esm-cache.service: Consumed 2.675s CPU time.
Jan 23 07:44:53 LAPTOP-DT44HS44 systemd-resolved[101]: Clock change detected. Flushing caches.
Jan 23 10:47:28 LAPTOP-DT44HS44 systemd-resolved[101]: Clock change detected. Flushing caches.
Jan 23 10:47:30 LAPTOP-DT44HS44 systemd[1]: Starting Message of the Day...
Jan 23 10:47:30 LAPTOP-DT44HS44 systemd[1]: Starting Daily man-db regeneration...
Jan 23 10:47:33 LAPTOP-DT44HS44 systemd[1]: man-db.service: Deactivated successfully.
Jan 23 10:47:33 LAPTOP-DT44HS44 systemd[1]: Finished Daily man-db regeneration.
Jan 23 10:47:33 LAPTOP-DT44HS44 systemd[1]: man-db.service: Consumed 2.713s CPU time.
Jan 23 10:48:01 LAPTOP-DT44HS44 systemd[1]: apt-news.service: Deactivated successfully.
Jan 23 10:48:01 LAPTOP-DT44HS44 systemd[1]: Finished Update APT News.
Jan 23 10:48:01 LAPTOP-DT44HS44 systemd[1]: apt-news.service: Consumed 2.697s CPU time.
Jan 23 10:48:14 LAPTOP-DT44HS44 systemd[1]: apt-daily.service: Deactivated successfully.
Jan 23 10:48:14 LAPTOP-DT44HS44 systemd[1]: Finished Daily apt download activities.
Jan 23 10:48:14 LAPTOP-DT44HS44 systemd[1]: apt-daily.service: Consumed 1min 7.683s CPU time.
Jan 23 10:48:14 LAPTOP-DT44HS44 systemd[1]: Starting Daily apt upgrade and clean activities...
Jan 23 10:48:33 LAPTOP-DT44HS44 systemd[1]: motd-news.service: Deactivated successfully.
Jan 23 10:48:33 LAPTOP-DT44HS44 systemd[1]: Finished Message of the Day.
Jan 23 10:48:33 LAPTOP-DT44HS44 systemd[1]: motd-news.service: Consumed 3.182s CPU time.
Jan 23 10:49:17 LAPTOP-DT44HS44 systemd[1]: apt-daily-upgrade.service: Deactivated successfully.
Jan 23 10:49:17 LAPTOP-DT44HS44 systemd[1]: Finished Daily apt upgrade and clean activities.
Jan 23 10:49:17 LAPTOP-DT44HS44 systemd[1]: apt-daily-upgrade.service: Consumed 1min 1.878s CPU time.
Jan 23 10:58:56 LAPTOP-DT44HS44 kernel: [87622.827028] WSL (218) ERROR: CheckConnection: getaddrinfo() failed: -5
Jan 23 10:58:56 LAPTOP-DT44HS44 kernel: [88330.739094] mini_init (202): drop_caches: 1
Jan 23 11:17:01 LAPTOP-DT44HS44 CRON[10260]: (root) CMD (   cd / && run-parts --report /etc/cron.hourly)
Jan 23 12:17:01 LAPTOP-DT44HS44 CRON[10264]: (root) CMD (   cd / && run-parts --report /etc/cron.hourly)
Jan 23 13:17:01 LAPTOP-DT44HS44 CRON[10541]: (root) CMD (   cd / && run-parts --report /etc/cron.hourly)
Jan 23 14:17:01 LAPTOP-DT44HS44 CRON[10784]: (root) CMD (   cd / && run-parts --report /etc/cron.hourly)
Jan 23 14:17:06 LAPTOP-DT44HS44 systemd-resolved[101]: Clock change detected. Flushing caches.
Jan 23 14:17:56 LAPTOP-DT44HS44 kernel: [100269.642930] mini_init (202): drop_caches: 1
Jan 23 14:26:07 LAPTOP-DT44HS44 systemd[1]: Starting Daily apt download activities...
Jan 23 14:26:09 LAPTOP-DT44HS44 systemd[1]: apt-daily.service: Deactivated successfully.
Jan 23 14:26:09 LAPTOP-DT44HS44 systemd[1]: Finished Daily apt download activities.
Jan 23 14:26:09 LAPTOP-DT44HS44 systemd[1]: apt-daily.service: Consumed 1.373s CPU time.
Jan 23 15:17:01 LAPTOP-DT44HS44 CRON[10836]: (root) CMD (   cd / && run-parts --report /etc/cron.hourly)
Jan 23 19:25:17 LAPTOP-DT44HS44 systemd-resolved[101]: Clock change detected. Flushing caches.
Jan 23 19:25:17 LAPTOP-DT44HS44 systemd[1]: Starting Daily apt download activities...
Jan 23 19:25:17 LAPTOP-DT44HS44 systemd[1]: Starting Message of the Day...
Jan 23 19:25:20 LAPTOP-DT44HS44 systemd[1]: apt-daily.service: Deactivated successfully.
Jan 23 19:25:20 LAPTOP-DT44HS44 systemd[1]: Finished Daily apt download activities.
Jan 23 19:25:20 LAPTOP-DT44HS44 systemd[1]: apt-daily.service: Consumed 2.868s CPU time.
Jan 23 19:25:21 LAPTOP-DT44HS44 50-motd-news[10910]:  * Strictly confined Kubernetes makes edge and IoT secure. Learn how MicroK8s
Jan 23 19:25:21 LAPTOP-DT44HS44 50-motd-news[10910]:    just raised the bar for easy, resilient and secure K8s cluster deployment.
Jan 23 19:25:21 LAPTOP-DT44HS44 50-motd-news[10910]:    https://ubuntu.com/engage/secure-kubernetes-at-the-edge
Jan 23 19:25:21 LAPTOP-DT44HS44 systemd[1]: motd-news.service: Deactivated successfully.
Jan 23 19:25:21 LAPTOP-DT44HS44 systemd[1]: Finished Message of the Day.
Jan 23 19:25:21 LAPTOP-DT44HS44 systemd[1]: motd-news.service: Consumed 2.939s CPU time.
Jan 23 19:25:59 LAPTOP-DT44HS44 kernel: [103959.643534] mini_init (202): drop_caches: 1
Jan 23 20:17:01 LAPTOP-DT44HS44 CRON[10920]: (root) CMD (   cd / && run-parts --report /etc/cron.hourly)
Jan 23 20:32:18 LAPTOP-DT44HS44 systemd-resolved[101]: Clock change detected. Flushing caches.
Jan 23 21:17:01 LAPTOP-DT44HS44 CRON[10938]: (root) CMD (   cd / && run-parts --report /etc/cron.hourly)
Jan 26 11:09:32 LAPTOP-DT44HS44 systemd[1]: Mounted Huge Pages File System.
Jan 26 11:09:32 LAPTOP-DT44HS44 systemd[1]: Mounted POSIX Message Queue File System.
Jan 26 11:09:32 LAPTOP-DT44HS44 systemd[1]: Mounted Kernel Debug File System.
Jan 26 11:09:32 LAPTOP-DT44HS44 systemd[1]: Mounted Kernel Trace File System.
Jan 26 11:09:32 LAPTOP-DT44HS44 systemd[1]: Finished Set the console keyboard layout.
Jan 26 11:09:32 LAPTOP-DT44HS44 systemd[1]: Finished Create List of Static Device Nodes.
Jan 26 11:09:32 LAPTOP-DT44HS44 systemd[1]: modprobe@drm.service: Deactivated successfully.
Jan 26 11:09:32 LAPTOP-DT44HS44 systemd[1]: Finished Load Kernel Module drm.
Jan 26 11:09:32 LAPTOP-DT44HS44 systemd[1]: modprobe@configfs.service: Deactivated successfully.
Jan 26 11:09:32 LAPTOP-DT44HS44 systemd[1]: Finished Load Kernel Module configfs.
Jan 26 11:09:32 LAPTOP-DT44HS44 systemd[1]: modprobe@efi_pstore.service: Deactivated successfully.
Jan 26 11:09:32 LAPTOP-DT44HS44 systemd[1]: Finished Load Kernel Module efi_pstore.
Jan 26 11:09:32 LAPTOP-DT44HS44 systemd[1]: modprobe@fuse.service: Deactivated successfully.
Jan 26 11:09:32 LAPTOP-DT44HS44 systemd[1]: Finished Load Kernel Module fuse.
Jan 26 11:09:32 LAPTOP-DT44HS44 systemd[1]: Finished Remount Root and Kernel File Systems.
Jan 26 11:09:32 LAPTOP-DT44HS44 systemd[1]: Mounting FUSE Control File System...
Jan 26 11:09:32 LAPTOP-DT44HS44 systemd[1]: Condition check resulted in Kernel Configuration File System being skipped.
Jan 26 11:09:32 LAPTOP-DT44HS44 systemd[1]: Starting Flush Journal to Persistent Storage...
Jan 26 11:09:32 LAPTOP-DT44HS44 systemd[1]: Condition check resulted in Platform Persistent Storage Archival being skipped.
Jan 26 11:09:32 LAPTOP-DT44HS44 systemd[1]: Condition check resulted in Load/Save Random Seed being skipped.
Jan 26 11:09:32 LAPTOP-DT44HS44 systemd[1]: Condition check resulted in First Boot Complete being skipped.
Jan 26 11:09:32 LAPTOP-DT44HS44 systemd[1]: Starting Create System Users...
Jan 26 11:09:32 LAPTOP-DT44HS44 systemd[1]: Finished Apply Kernel Variables.
Jan 26 11:09:32 LAPTOP-DT44HS44 systemd[1]: Mounted FUSE Control File System.
Jan 26 11:09:32 LAPTOP-DT44HS44 systemd[1]: Finished Create System Users.
Jan 26 11:09:32 LAPTOP-DT44HS44 systemd[1]: Starting Create Static Device Nodes in /dev...
Jan 26 11:09:32 LAPTOP-DT44HS44 systemd[1]: Finished Create Static Device Nodes in /dev.
Jan 26 11:09:32 LAPTOP-DT44HS44 systemd[1]: Reached target Preparation for Local File Systems.
Jan 26 11:09:32 LAPTOP-DT44HS44 systemd[1]: Reached target Local File Systems.
Jan 26 11:09:32 LAPTOP-DT44HS44 systemd[1]: Condition check resulted in Load AppArmor profiles being skipped.
Jan 26 11:09:32 LAPTOP-DT44HS44 systemd[1]: Starting Set console font and keymap...
Jan 26 11:09:32 LAPTOP-DT44HS44 systemd[1]: Starting Tell Plymouth To Write Out Runtime Data...
Jan 26 11:09:32 LAPTOP-DT44HS44 systemd[1]: Condition check resulted in Load AppArmor profiles managed internally by snapd being skipped.
Jan 26 11:09:32 LAPTOP-DT44HS44 systemd[1]: Condition check resulted in Set Up Additional Binary Formats being skipped.
Jan 26 11:09:32 LAPTOP-DT44HS44 systemd[1]: Condition check resulted in Store a System Token in an EFI Variable being skipped.
Jan 26 11:09:32 LAPTOP-DT44HS44 systemd[1]: Condition check resulted in Commit a transient machine-id on disk being skipped.
Jan 26 11:09:32 LAPTOP-DT44HS44 systemd[1]: Starting Rule-based Manager for Device Events and Files...
Jan 26 11:09:32 LAPTOP-DT44HS44 systemd[1]: Starting Uncomplicated firewall...
Jan 26 11:09:32 LAPTOP-DT44HS44 systemd[1]: Finished Flush Journal to Persistent Storage.
Jan 26 11:09:32 LAPTOP-DT44HS44 systemd[1]: Finished Coldplug All udev Devices.
Jan 26 11:09:32 LAPTOP-DT44HS44 systemd[1]: Finished Set console font and keymap.
Jan 26 11:09:32 LAPTOP-DT44HS44 systemd[1]: Finished Tell Plymouth To Write Out Runtime Data.
Jan 26 11:09:32 LAPTOP-DT44HS44 systemd[1]: Finished Uncomplicated firewall.
Jan 26 11:09:32 LAPTOP-DT44HS44 systemd[1]: Started Rule-based Manager for Device Events and Files.
Jan 26 11:09:32 LAPTOP-DT44HS44 systemd[1]: Reached target Preparation for Network.
Jan 26 11:09:32 LAPTOP-DT44HS44 systemd[1]: Starting Load Kernel Module configfs...
Jan 26 11:09:32 LAPTOP-DT44HS44 systemd[1]: Condition check resulted in Show Plymouth Boot Screen being skipped.
Jan 26 11:09:32 LAPTOP-DT44HS44 systemd[1]: Started Dispatch Password Requests to Console Directory Watch.
Jan 26 11:09:32 LAPTOP-DT44HS44 systemd-udevd[122]: Using default interface naming scheme 'v249'.
Jan 26 11:09:32 LAPTOP-DT44HS44 systemd[1]: Condition check resulted in Forward Password Requests to Plymouth Directory Watch being skipped.
Jan 26 11:09:32 LAPTOP-DT44HS44 systemd[1]: Reached target Local Encrypted Volumes.
Jan 26 11:09:32 LAPTOP-DT44HS44 systemd[1]: Starting Create Volatile Files and Directories...
Jan 26 11:09:32 LAPTOP-DT44HS44 systemd[1]: modprobe@configfs.service: Deactivated successfully.
Jan 26 11:09:32 LAPTOP-DT44HS44 systemd[1]: Finished Load Kernel Module configfs.
Jan 26 11:09:32 LAPTOP-DT44HS44 systemd[1]: Finished Create Volatile Files and Directories.
Jan 26 11:09:32 LAPTOP-DT44HS44 systemd[1]: Condition check resulted in Kernel Configuration File System being skipped.
Jan 26 11:09:32 LAPTOP-DT44HS44 systemd[1]: Starting Network Name Resolution...
Jan 26 11:09:32 LAPTOP-DT44HS44 systemd[1]: Starting Network Time Synchronization...
Jan 26 11:09:32 LAPTOP-DT44HS44 systemd[1]: Starting Record System Boot/Shutdown in UTMP...
Jan 26 11:09:32 LAPTOP-DT44HS44 systemd[1]: Condition check resulted in WSLg Remount Service being skipped.
Jan 26 11:09:32 LAPTOP-DT44HS44 systemd[1]: Finished Record System Boot/Shutdown in UTMP.
Jan 26 11:09:32 LAPTOP-DT44HS44 systemd[1]: Started Network Time Synchronization.
Jan 26 11:09:32 LAPTOP-DT44HS44 systemd[1]: Reached target System Initialization.
Jan 26 11:09:32 LAPTOP-DT44HS44 systemd[1]: Condition check resulted in Process error reports when automatic reporting is enabled (file watch) being skipped.
Jan 26 11:09:32 LAPTOP-DT44HS44 systemd[1]: Condition check resulted in Process error reports when automatic reporting is enabled (timer based) being skipped.
Jan 26 11:09:32 LAPTOP-DT44HS44 systemd[1]: Started Daily Cleanup of Temporary Directories.
Jan 26 11:09:32 LAPTOP-DT44HS44 systemd[1]: Condition check resulted in Ubuntu Pro Timer for running repeated jobs being skipped.
Jan 26 11:09:32 LAPTOP-DT44HS44 systemd[1]: Reached target Path Units.
Jan 26 11:09:32 LAPTOP-DT44HS44 systemd[1]: Reached target System Time Set.
Jan 26 11:09:32 LAPTOP-DT44HS44 systemd[1]: Started Daily apt download activities.
Jan 26 11:09:32 LAPTOP-DT44HS44 systemd[1]: Started Daily apt upgrade and clean activities.
Jan 26 11:09:32 LAPTOP-DT44HS44 systemd[1]: Started Daily dpkg database backup timer.
Jan 26 11:09:32 LAPTOP-DT44HS44 systemd[1]: Started Periodic ext4 Online Metadata Check for All Filesystems.
Jan 26 11:09:32 LAPTOP-DT44HS44 systemd[1]: Condition check resulted in Discard unused blocks once a week being skipped.
Jan 26 11:09:32 LAPTOP-DT44HS44 systemd[1]: Started Daily rotation of log files.
Jan 26 11:09:32 LAPTOP-DT44HS44 systemd[1]: Started Daily man-db regeneration.
Jan 26 11:09:32 LAPTOP-DT44HS44 systemd[1]: Started Message of the Day.
Jan 26 11:09:32 LAPTOP-DT44HS44 systemd[1]: Condition check resulted in Timer to automatically fetch and run repair assertions being skipped.
Jan 26 11:09:32 LAPTOP-DT44HS44 systemd[1]: Reached target Timer Units.
Jan 26 11:09:32 LAPTOP-DT44HS44 systemd[1]: Listening on Unix socket for apport crash forwarding.
Jan 26 11:09:32 LAPTOP-DT44HS44 systemd[1]: Listening on D-Bus System Message Bus Socket.
Jan 26 11:09:32 LAPTOP-DT44HS44 systemd[1]: Starting Docker Socket for the API...
Jan 26 11:09:32 LAPTOP-DT44HS44 systemd-resolved[182]: Positive Trust Anchors:
Jan 26 11:09:32 LAPTOP-DT44HS44 systemd-resolved[182]: . IN DS 20326 8 2 e06d44b80b8f1d39a95c0b0d7c65d08458e880409bbc683457104237c7f8ec8d
Jan 26 11:09:32 LAPTOP-DT44HS44 systemd-resolved[182]: Negative trust anchors: home.arpa 10.in-addr.arpa 16.172.in-addr.arpa 17.172.in-addr.arpa 18.172.in-addr.arpa 19.172.in-addr.arpa 20.172.in-addr.arpa 21.172.in-addr.arpa 22.172.in-addr.arpa 23.172.in-addr.arpa 24.172.in-addr.arpa 25.172.in-addr.arpa 26.172.in-addr.arpa 27.172.in-addr.arpa 28.172.in-addr.arpa 29.172.in-addr.arpa 30.172.in-addr.arpa 31.172.in-addr.arpa 168.192.in-addr.arpa d.f.ip6.arpa corp home internal intranet lan local private test
Jan 26 11:09:32 LAPTOP-DT44HS44 systemd-resolved[182]: Using system hostname 'LAPTOP-DT44HS44'.
Jan 26 11:09:32 LAPTOP-DT44HS44 systemd[1]: Starting Socket activation for snappy daemon...
Jan 26 11:09:32 LAPTOP-DT44HS44 systemd[1]: Listening on UUID daemon activation socket.
Jan 26 11:09:32 LAPTOP-DT44HS44 systemd[1]: Started Network Name Resolution.
Jan 26 11:09:32 LAPTOP-DT44HS44 systemd[1]: Listening on Docker Socket for the API.
Jan 26 11:09:32 LAPTOP-DT44HS44 systemd[1]: Listening on Socket activation for snappy daemon.
Jan 26 11:09:32 LAPTOP-DT44HS44 systemd[1]: Reached target Host and Network Name Lookups.
Jan 26 11:09:32 LAPTOP-DT44HS44 systemd[1]: Reached target Socket Units.
Jan 26 11:09:32 LAPTOP-DT44HS44 systemd[1]: Reached target Basic System.
Jan 26 11:09:32 LAPTOP-DT44HS44 systemd[1]: Starting LSB: automatic crash report generation...
Jan 26 11:09:32 LAPTOP-DT44HS44 systemd[1]: Started Regular background program processing daemon.
Jan 26 11:09:32 LAPTOP-DT44HS44 cron[198]: (CRON) INFO (pidfile fd = 3)
Jan 26 11:09:32 LAPTOP-DT44HS44 cron[198]: (CRON) INFO (Running @reboot jobs)
Jan 26 11:09:32 LAPTOP-DT44HS44 systemd[1]: Started D-Bus System Message Bus.
Jan 26 11:09:32 LAPTOP-DT44HS44 systemd[1]: Starting containerd container runtime...
Jan 26 11:09:32 LAPTOP-DT44HS44 systemd-timesyncd[186]: Initial synchronization to time server 91.189.91.157:123 (ntp.ubuntu.com).
Jan 26 11:09:32 LAPTOP-DT44HS44 systemd[1]: Started Save initial kernel messages after boot.
Jan 26 11:09:32 LAPTOP-DT44HS44 systemd-resolved[182]: Clock change detected. Flushing caches.
Jan 26 11:09:32 LAPTOP-DT44HS44 systemd[1]: Starting Remove Stale Online ext4 Metadata Check Snapshots...
Jan 26 11:09:32 LAPTOP-DT44HS44 systemd[1]: Condition check resulted in getty on tty2-tty6 if dbus and logind are not available being skipped.
Jan 26 11:09:32 LAPTOP-DT44HS44 systemd[1]: Condition check resulted in irqbalance daemon being skipped.
Jan 26 11:09:32 LAPTOP-DT44HS44 systemd[1]: Starting Landscape client daemons...
Jan 26 11:09:32 LAPTOP-DT44HS44 systemd[1]: Starting Dispatcher daemon for systemd-networkd...
Jan 26 11:09:32 LAPTOP-DT44HS44 systemd[1]: Starting System Logging Service...
Jan 26 11:09:32 LAPTOP-DT44HS44 systemd[1]: Condition check resulted in Automatically repair incorrect owner/permissions on core devices being skipped.
Jan 26 11:09:32 LAPTOP-DT44HS44 systemd[1]: Condition check resulted in Wait for the Ubuntu Core chooser trigger being skipped.
Jan 26 11:09:32 LAPTOP-DT44HS44 systemd[1]: Reached target Preparation for Logins.
Jan 26 11:09:32 LAPTOP-DT44HS44 systemd[1]: Starting Wait until snapd is fully seeded...
Jan 26 11:09:32 LAPTOP-DT44HS44 systemd[1]: Starting Snap Daemon...
Jan 26 11:09:32 LAPTOP-DT44HS44 systemd[1]: Starting User Login Management...
Jan 26 11:09:32 LAPTOP-DT44HS44 systemd[1]: Starting Permit User Sessions...
Jan 26 11:09:32 LAPTOP-DT44HS44 systemd[1]: Condition check resulted in Ubuntu Pro reboot cmds being skipped.
Jan 26 11:09:32 LAPTOP-DT44HS44 systemd[1]: Condition check resulted in Ubuntu Pro Background Auto Attach being skipped.
Jan 26 11:09:32 LAPTOP-DT44HS44 systemd[1]: Starting Ubuntu FAN network setup...
Jan 26 11:09:32 LAPTOP-DT44HS44 systemd[1]: Condition check resulted in Rotate log files being skipped.
Jan 26 11:09:32 LAPTOP-DT44HS44 systemd[1]: e2scrub_reap.service: Deactivated successfully.
Jan 26 11:09:32 LAPTOP-DT44HS44 systemd[1]: Finished Remove Stale Online ext4 Metadata Check Snapshots.
Jan 26 11:09:32 LAPTOP-DT44HS44 systemd[1]: Finished Permit User Sessions.
Jan 26 11:09:32 LAPTOP-DT44HS44 dbus-daemon[201]: [system] Activating systemd to hand-off: service name='org.freedesktop.network1' unit='dbus-org.freedesktop.network1.service' requested by ':1.2' (uid=0 pid=225 comm="networkctl " label="kernel")
Jan 26 11:09:32 LAPTOP-DT44HS44 rsyslogd: imuxsock: Acquired UNIX socket '/run/systemd/journal/syslog' (fd 3) from systemd.  [v8.2112.0]
Jan 26 11:09:32 LAPTOP-DT44HS44 systemd[1]: Started System Logging Service.
Jan 26 11:09:32 LAPTOP-DT44HS44 rsyslogd: rsyslogd's groupid changed to 111
Jan 26 11:09:32 LAPTOP-DT44HS44 rsyslogd: rsyslogd's userid changed to 104
Jan 26 11:09:32 LAPTOP-DT44HS44 rsyslogd: [origin software="rsyslogd" swVersion="8.2112.0" x-pid="207" x-info="https://www.rsyslog.com"] start
Jan 26 11:09:32 LAPTOP-DT44HS44 dbus-daemon[201]: [system] Successfully activated service 'org.freedesktop.systemd1'
Jan 26 11:09:32 LAPTOP-DT44HS44 kernel: [    0.000000] Linux version 6.6.87.2-microsoft-standard-WSL2 (root@439a258ad544) (gcc (GCC) 11.2.0, GNU ld (GNU Binutils) 2.37) #1 SMP PREEMPT_DYNAMIC Thu Jun  5 18:30:46 UTC 2025
Jan 26 11:09:32 LAPTOP-DT44HS44 kernel: [    0.000000] Command line: initrd=\initrd.img WSL_ROOT_INIT=1 panic=-1 nr_cpus=8 hv_utils.timesync_implicit=1 console=hvc0 debug pty.legacy_count=0 WSL_ENABLE_CRASH_DUMP=1
Jan 26 11:09:32 LAPTOP-DT44HS44 kernel: [    0.000000] KERNEL supported cpus:
Jan 26 11:09:32 LAPTOP-DT44HS44 kernel: [    0.000000]   Intel GenuineIntel
Jan 26 11:09:32 LAPTOP-DT44HS44 kernel: [    0.000000]   AMD AuthenticAMD
Jan 26 11:09:32 LAPTOP-DT44HS44 kernel: [    0.000000] BIOS-provided physical RAM map:
Jan 26 11:09:32 LAPTOP-DT44HS44 kernel: [    0.000000] BIOS-e820: [mem 0x0000000000000000-0x000000000009ffff] usable
Jan 26 11:09:32 LAPTOP-DT44HS44 kernel: [    0.000000] BIOS-e820: [mem 0x00000000000e0000-0x00000000000e0fff] reserved
Jan 26 11:09:32 LAPTOP-DT44HS44 kernel: [    0.000000] BIOS-e820: [mem 0x0000000000100000-0x00000000001fffff] ACPI data
Jan 26 11:09:32 LAPTOP-DT44HS44 kernel: [    0.000000] BIOS-e820: [mem 0x0000000000200000-0x00000000f7ffffff] usable
Jan 26 11:09:32 LAPTOP-DT44HS44 kernel: [    0.000000] BIOS-e820: [mem 0x0000000100000000-0x00000001fe3fffff] usable
Jan 26 11:09:32 LAPTOP-DT44HS44 kernel: [    0.000000] NX (Execute Disable) protection: active
Jan 26 11:09:32 LAPTOP-DT44HS44 kernel: [    0.000000] APIC: Static calls initialized
Jan 26 11:09:32 LAPTOP-DT44HS44 kernel: [    0.000000] DMI not present or invalid.
Jan 26 11:09:32 LAPTOP-DT44HS44 kernel: [    0.000000] Hypervisor detected: Microsoft Hyper-V
Jan 26 11:09:32 LAPTOP-DT44HS44 kernel: [    0.000000] Hyper-V: privilege flags low 0xae7f, high 0x3b8030, hints 0x9a4e24, misc 0xe4bed7b6
Jan 26 11:09:32 LAPTOP-DT44HS44 kernel: [    0.000000] Hyper-V: Nested features: 0x3e0101
Jan 26 11:09:32 LAPTOP-DT44HS44 kernel: [    0.000000] Hyper-V: LAPIC Timer Frequency: 0xc3500
Jan 26 11:09:32 LAPTOP-DT44HS44 kernel: [    0.000000] Hyper-V: Using hypercall for remote TLB flush
Jan 26 11:09:32 LAPTOP-DT44HS44 kernel: [    0.000000] clocksource: hyperv_clocksource_tsc_page: mask: 0xffffffffffffffff max_cycles: 0x24e6a1710, max_idle_ns: 440795202120 ns
Jan 26 11:09:32 LAPTOP-DT44HS44 kernel: [    0.000000] clocksource: hyperv_clocksource_msr: mask: 0xffffffffffffffff max_cycles: 0x24e6a1710, max_idle_ns: 440795202120 ns
Jan 26 11:09:32 LAPTOP-DT44HS44 kernel: [    0.000000] tsc: Detected 2803.199 MHz processor
Jan 26 11:09:32 LAPTOP-DT44HS44 kernel: [    0.001114] e820: update [mem 0x00000000-0x00000fff] usable ==> reserved
Jan 26 11:09:32 LAPTOP-DT44HS44 kernel: [    0.001124] e820: remove [mem 0x000a0000-0x000fffff] usable
Jan 26 11:09:32 LAPTOP-DT44HS44 kernel: [    0.001133] last_pfn = 0x1fe400 max_arch_pfn = 0x400000000
Jan 26 11:09:32 LAPTOP-DT44HS44 kernel: [    0.001172] MTRR map: 5 entries (4 fixed + 1 variable; max 20), built from 8 variable MTRRs
Jan 26 11:09:32 LAPTOP-DT44HS44 kernel: [    0.001177] x86/PAT: Configuration [0-7]: WB  WC  UC- UC  WB  WP  UC- WT  
Jan 26 11:09:32 LAPTOP-DT44HS44 kernel: [    0.001243] last_pfn = 0xf8000 max_arch_pfn = 0x400000000
Jan 26 11:09:32 LAPTOP-DT44HS44 kernel: [    0.001273] Using GB pages for direct mapping
Jan 26 11:09:32 LAPTOP-DT44HS44 kernel: [    0.001506] RAMDISK: [mem 0x04be4000-0x04e7ffff]
Jan 26 11:09:32 LAPTOP-DT44HS44 kernel: [    0.001510] ACPI: Early table checksum verification disabled
Jan 26 11:09:32 LAPTOP-DT44HS44 kernel: [    0.001517] ACPI: RSDP 0x00000000000E0000 000024 (v02 VRTUAL)
Jan 26 11:09:32 LAPTOP-DT44HS44 kernel: [    0.001526] ACPI: XSDT 0x0000000000100000 000044 (v01 VRTUAL MICROSFT 00000001 MSFT 00000001)
Jan 26 11:09:32 LAPTOP-DT44HS44 kernel: [    0.001538] ACPI: FACP 0x0000000000101000 000114 (v06 VRTUAL MICROSFT 00000001 MSFT 00000001)
Jan 26 11:09:32 LAPTOP-DT44HS44 kernel: [    0.001549] ACPI: DSDT 0x00000000001011B8 01E11C (v02 MSFTVM DSDT01   00000001 INTL 20230628)
Jan 26 11:09:32 LAPTOP-DT44HS44 kernel: [    0.001556] ACPI: FACS 0x0000000000101114 000040
Jan 26 11:09:32 LAPTOP-DT44HS44 kernel: [    0.001562] ACPI: OEM0 0x0000000000101154 000064 (v01 VRTUAL MICROSFT 00000001 MSFT 00000001)
Jan 26 11:09:32 LAPTOP-DT44HS44 kernel: [    0.001570] ACPI: SRAT 0x000000000011F2D4 000330 (v02 VRTUAL MICROSFT 00000001 MSFT 00000001)
Jan 26 11:09:32 LAPTOP-DT44HS44 kernel: [    0.001577] ACPI: APIC 0x000000000011F604 000088 (v04 VRTUAL MICROSFT 00000001 MSFT 00000001)
Jan 26 11:09:32 LAPTOP-DT44HS44 kernel: [    0.001582] ACPI: Reserving FACP table memory at [mem 0x101000-0x101113]
Jan 26 11:09:32 LAPTOP-DT44HS44 kernel: [    0.001585] ACPI: Reserving DSDT table memory at [mem 0x1011b8-0x11f2d3]
Jan 26 11:09:32 LAPTOP-DT44HS44 kernel: [    0.001587] ACPI: Reserving FACS table memory at [mem 0x101114-0x101153]
Jan 26 11:09:32 LAPTOP-DT44HS44 kernel: [    0.001588] ACPI: Reserving OEM0 table memory at [mem 0x101154-0x1011b7]
Jan 26 11:09:32 LAPTOP-DT44HS44 kernel: [    0.001590] ACPI: Reserving SRAT table memory at [mem 0x11f2d4-0x11f603]
Jan 26 11:09:32 LAPTOP-DT44HS44 kernel: [    0.001592] ACPI: Reserving APIC table memory at [mem 0x11f604-0x11f68b]
Jan 26 11:09:32 LAPTOP-DT44HS44 kernel: [    0.001646] SRAT: PXM 0 -> APIC 0x00 -> Node 0
Jan 26 11:09:32 LAPTOP-DT44HS44 kernel: [    0.001649] SRAT: PXM 0 -> APIC 0x01 -> Node 0
Jan 26 11:09:32 LAPTOP-DT44HS44 kernel: [    0.001650] SRAT: PXM 0 -> APIC 0x02 -> Node 0
Jan 26 11:09:32 LAPTOP-DT44HS44 kernel: [    0.001652] SRAT: PXM 0 -> APIC 0x03 -> Node 0
Jan 26 11:09:32 LAPTOP-DT44HS44 kernel: [    0.001653] SRAT: PXM 0 -> APIC 0x04 -> Node 0
Jan 26 11:09:32 LAPTOP-DT44HS44 kernel: [    0.001654] SRAT: PXM 0 -> APIC 0x05 -> Node 0
Jan 26 11:09:32 LAPTOP-DT44HS44 kernel: [    0.001655] SRAT: PXM 0 -> APIC 0x06 -> Node 0
Jan 26 11:09:32 LAPTOP-DT44HS44 kernel: [    0.001657] SRAT: PXM 0 -> APIC 0x07 -> Node 0
Jan 26 11:09:32 LAPTOP-DT44HS44 kernel: [    0.001661] ACPI: SRAT: Node 0 PXM 0 [mem 0x00000000-0xf7ffffff] hotplug
Jan 26 11:09:32 LAPTOP-DT44HS44 kernel: [    0.001665] ACPI: SRAT: Node 0 PXM 0 [mem 0x100000000-0x1fe3fffff] hotplug
Jan 26 11:09:32 LAPTOP-DT44HS44 kernel: [    0.001668] ACPI: SRAT: Node 0 PXM 0 [mem 0x1fe400000-0x9ffdfffff] hotplug
Jan 26 11:09:32 LAPTOP-DT44HS44 kernel: [    0.001670] ACPI: SRAT: Node 0 PXM 0 [mem 0x1000000000-0xffffffffff] hotplug
Jan 26 11:09:32 LAPTOP-DT44HS44 kernel: [    0.001672] ACPI: SRAT: Node 0 PXM 0 [mem 0x10000000000-0x1ffffffffff] hotplug
Jan 26 11:09:32 LAPTOP-DT44HS44 kernel: [    0.001674] ACPI: SRAT: Node 0 PXM 0 [mem 0x20000000000-0x3ffffffffff] hotplug
Jan 26 11:09:32 LAPTOP-DT44HS44 kernel: [    0.001676] ACPI: SRAT: Node 0 PXM 0 [mem 0x40000000000-0x7ffffffffff] hotplug
Jan 26 11:09:32 LAPTOP-DT44HS44 kernel: [    0.001678] ACPI: SRAT: Node 0 PXM 0 [mem 0x80000000000-0xfffffffffff] hotplug
Jan 26 11:09:32 LAPTOP-DT44HS44 kernel: [    0.001680] ACPI: SRAT: Node 0 PXM 0 [mem 0x100000000000-0x1fffffffffff] hotplug
Jan 26 11:09:32 LAPTOP-DT44HS44 kernel: [    0.001682] ACPI: SRAT: Node 0 PXM 0 [mem 0x200000000000-0x3fffffffffff] hotplug
Jan 26 11:09:32 LAPTOP-DT44HS44 kernel: [    0.001685] ACPI: SRAT: Node 0 PXM 0 [mem 0x400000000000-0x7fffffffffff] hotplug
Jan 26 11:09:32 LAPTOP-DT44HS44 kernel: [    0.001687] ACPI: SRAT: Node 0 PXM 0 [mem 0x800000000000-0xffffffffffff] hotplug
Jan 26 11:09:32 LAPTOP-DT44HS44 kernel: [    0.001689] ACPI: SRAT: Node 0 PXM 0 [mem 0x1000000000000-0x1ffffffffffff] hotplug
Jan 26 11:09:32 LAPTOP-DT44HS44 kernel: [    0.001691] ACPI: SRAT: Node 0 PXM 0 [mem 0x2000000000000-0x3ffffffffffff] hotplug
Jan 26 11:09:32 LAPTOP-DT44HS44 kernel: [    0.001693] ACPI: SRAT: Node 0 PXM 0 [mem 0x4000000000000-0x7ffffffffffff] hotplug
Jan 26 11:09:32 LAPTOP-DT44HS44 kernel: [    0.001695] ACPI: SRAT: Node 0 PXM 0 [mem 0x8000000000000-0xfffffffffffff] hotplug
Jan 26 11:09:32 LAPTOP-DT44HS44 kernel: [    0.001701] NUMA: Node 0 [mem 0x00000000-0xf7ffffff] + [mem 0x100000000-0x1fe3fffff] -> [mem 0x00000000-0x1fe3fffff]
Jan 26 11:09:32 LAPTOP-DT44HS44 kernel: [    0.001714] NODE_DATA(0) allocated [mem 0x1fe3de000-0x1fe3fffff]
Jan 26 11:09:32 LAPTOP-DT44HS44 kernel: [    0.001972] Zone ranges:
Jan 26 11:09:32 LAPTOP-DT44HS44 kernel: [    0.001974]   DMA32    [mem 0x0000000000001000-0x00000000ffffffff]
Jan 26 11:09:32 LAPTOP-DT44HS44 kernel: [    0.001979]   Normal   [mem 0x0000000100000000-0x00000001fe3fffff]
Jan 26 11:09:32 LAPTOP-DT44HS44 kernel: [    0.001982]   Device   empty
Jan 26 11:09:32 LAPTOP-DT44HS44 kernel: [    0.001984] Movable zone start for each node
Jan 26 11:09:32 LAPTOP-DT44HS44 kernel: [    0.001988] Early memory node ranges
Jan 26 11:09:32 LAPTOP-DT44HS44 kernel: [    0.001989]   node   0: [mem 0x0000000000001000-0x000000000009ffff]
Jan 26 11:09:32 LAPTOP-DT44HS44 kernel: [    0.001992]   node   0: [mem 0x0000000000200000-0x00000000f7ffffff]
Jan 26 11:09:32 LAPTOP-DT44HS44 kernel: [    0.001995]   node   0: [mem 0x0000000100000000-0x00000001fe3fffff]
Jan 26 11:09:32 LAPTOP-DT44HS44 kernel: [    0.001997] Initmem setup node 0 [mem 0x0000000000001000-0x00000001fe3fffff]
Jan 26 11:09:32 LAPTOP-DT44HS44 kernel: [    0.002066] On node 0, zone DMA32: 1 pages in unavailable ranges
Jan 26 11:09:32 LAPTOP-DT44HS44 kernel: [    0.092019] On node 0, zone DMA32: 352 pages in unavailable ranges
Jan 26 11:09:32 LAPTOP-DT44HS44 kernel: [    0.099126] On node 0, zone Normal: 7168 pages in unavailable ranges
Jan 26 11:09:32 LAPTOP-DT44HS44 kernel: [    0.099213] ACPI: PM-Timer IO Port: 0x408
Jan 26 11:09:32 LAPTOP-DT44HS44 kernel: [    0.099238] ACPI: LAPIC_NMI (acpi_id[0x01] dfl dfl lint[0x1])
Jan 26 11:09:32 LAPTOP-DT44HS44 kernel: [    0.101650] IOAPIC[0]: apic_id 8, version 17, address 0xfec00000, GSI 0-23
Jan 26 11:09:32 LAPTOP-DT44HS44 kernel: [    0.101666] ACPI: INT_SRC_OVR (bus 0 bus_irq 9 global_irq 9 high level)
Jan 26 11:09:32 LAPTOP-DT44HS44 kernel: [    0.101678] ACPI: Using ACPI (MADT) for SMP configuration information
Jan 26 11:09:32 LAPTOP-DT44HS44 kernel: [    0.101682] TSC deadline timer available
Jan 26 11:09:32 LAPTOP-DT44HS44 kernel: [    0.101683] smpboot: Allowing 8 CPUs, 0 hotplug CPUs
Jan 26 11:09:32 LAPTOP-DT44HS44 kernel: [    0.101705] PM: hibernation: Registered nosave memory: [mem 0x00000000-0x00000fff]
Jan 26 11:09:32 LAPTOP-DT44HS44 kernel: [    0.101708] PM: hibernation: Registered nosave memory: [mem 0x000a0000-0x000dffff]
Jan 26 11:09:32 LAPTOP-DT44HS44 kernel: [    0.101710] PM: hibernation: Registered nosave memory: [mem 0x000e0000-0x000e0fff]
Jan 26 11:09:32 LAPTOP-DT44HS44 kernel: [    0.101712] PM: hibernation: Registered nosave memory: [mem 0x000e1000-0x000fffff]
Jan 26 11:09:32 LAPTOP-DT44HS44 kernel: [    0.101713] PM: hibernation: Registered nosave memory: [mem 0x00100000-0x001fffff]
Jan 26 11:09:32 LAPTOP-DT44HS44 kernel: [    0.101716] PM: hibernation: Registered nosave memory: [mem 0xf8000000-0xffffffff]
Jan 26 11:09:32 LAPTOP-DT44HS44 kernel: [    0.101719] [mem 0xf8000000-0xffffffff] available for PCI devices
Jan 26 11:09:32 LAPTOP-DT44HS44 kernel: [    0.101722] Booting paravirtualized kernel on Hyper-V
Jan 26 11:09:32 LAPTOP-DT44HS44 kernel: [    0.101726] clocksource: refined-jiffies: mask: 0xffffffff max_cycles: 0xffffffff, max_idle_ns: 7645519600211568 ns
Jan 26 11:09:32 LAPTOP-DT44HS44 kernel: [    0.101799] setup_percpu: NR_CPUS:8192 nr_cpumask_bits:8 nr_cpu_ids:8 nr_node_ids:1
Jan 26 11:09:32 LAPTOP-DT44HS44 kernel: [    0.106081] percpu: Embedded 63 pages/cpu s221184 r8192 d28672 u262144
Jan 26 11:09:32 LAPTOP-DT44HS44 kernel: [    0.106095] pcpu-alloc: s221184 r8192 d28672 u262144 alloc=1*2097152
Jan 26 11:09:32 LAPTOP-DT44HS44 kernel: [    0.106100] pcpu-alloc: [0] 0 1 2 3 4 5 6 7 
Jan 26 11:09:32 LAPTOP-DT44HS44 kernel: [    0.106160] Hyper-V: PV spinlocks enabled
Jan 26 11:09:32 LAPTOP-DT44HS44 kernel: [    0.106167] PV qspinlock hash table entries: 256 (order: 0, 4096 bytes, linear)
Jan 26 11:09:32 LAPTOP-DT44HS44 kernel: [    0.106171] Kernel command line: initrd=\initrd.img WSL_ROOT_INIT=1 panic=-1 nr_cpus=8 hv_utils.timesync_implicit=1 console=hvc0 debug pty.legacy_count=0 WSL_ENABLE_CRASH_DUMP=1
Jan 26 11:09:32 LAPTOP-DT44HS44 kernel: [    0.106399] Unknown kernel command line parameters "WSL_ROOT_INIT=1 WSL_ENABLE_CRASH_DUMP=1", will be passed to user space.
Jan 26 11:09:32 LAPTOP-DT44HS44 kernel: [    0.106422] random: crng init done
Jan 26 11:09:32 LAPTOP-DT44HS44 kernel: [    0.117498] Dentry cache hash table entries: 1048576 (order: 11, 8388608 bytes, linear)
Jan 26 11:09:32 LAPTOP-DT44HS44 kernel: [    0.122706] Inode-cache hash table entries: 524288 (order: 10, 4194304 bytes, linear)
Jan 26 11:09:32 LAPTOP-DT44HS44 kernel: [    0.123126] Fallback order for Node 0: 0 
Jan 26 11:09:32 LAPTOP-DT44HS44 kernel: [    0.123135] Built 1 zonelists, mobility grouping on.  Total pages: 2024048
Jan 26 11:09:32 LAPTOP-DT44HS44 kernel: [    0.123139] Policy zone: Normal
Jan 26 11:09:32 LAPTOP-DT44HS44 kernel: [    0.123155] mem auto-init: stack:off, heap alloc:on, heap free:off
Jan 26 11:09:32 LAPTOP-DT44HS44 kernel: [    0.123165] software IO TLB: area num 8.
Jan 26 11:09:32 LAPTOP-DT44HS44 kernel: [    0.271837] Memory: 4123788K/8227452K available (20480K kernel code, 3457K rwdata, 13496K rodata, 4492K init, 6208K bss, 262396K reserved, 0K cma-reserved)
Jan 26 11:09:32 LAPTOP-DT44HS44 kernel: [    0.272457] SLUB: HWalign=64, Order=0-3, MinObjects=0, CPUs=8, Nodes=1
Jan 26 11:09:32 LAPTOP-DT44HS44 kernel: [    0.272603] ftrace: allocating 55808 entries in 218 pages
Jan 26 11:09:32 LAPTOP-DT44HS44 kernel: [    0.305682] ftrace: allocated 218 pages with 5 groups
Jan 26 11:09:32 LAPTOP-DT44HS44 kernel: [    0.308598] Dynamic Preempt: none
Jan 26 11:09:32 LAPTOP-DT44HS44 kernel: [    0.308942] rcu: Preemptible hierarchical RCU implementation.
Jan 26 11:09:32 LAPTOP-DT44HS44 kernel: [    0.308946] rcu: 	RCU restricting CPUs from NR_CPUS=8192 to nr_cpu_ids=8.
Jan 26 11:09:32 LAPTOP-DT44HS44 kernel: [    0.308949] 	Trampoline variant of Tasks RCU enabled.
Jan 26 11:09:32 LAPTOP-DT44HS44 kernel: [    0.308951] 	Rude variant of Tasks RCU enabled.
Jan 26 11:09:32 LAPTOP-DT44HS44 kernel: [    0.308952] 	Tracing variant of Tasks RCU enabled.
Jan 26 11:09:32 LAPTOP-DT44HS44 kernel: [    0.308953] rcu: RCU calculated value of scheduler-enlistment delay is 25 jiffies.
Jan 26 11:09:32 LAPTOP-DT44HS44 kernel: [    0.308955] rcu: Adjusting geometry for rcu_fanout_leaf=16, nr_cpu_ids=8
Jan 26 11:09:32 LAPTOP-DT44HS44 kernel: [    0.329631] Using NULL legacy PIC
Jan 26 11:09:32 LAPTOP-DT44HS44 kernel: [    0.329637] NR_IRQS: 524544, nr_irqs: 488, preallocated irqs: 0
Jan 26 11:09:32 LAPTOP-DT44HS44 kernel: [    0.329885] rcu: srcu_init: Setting srcu_struct sizes based on contention.
Jan 26 11:09:32 LAPTOP-DT44HS44 kernel: [    0.336309] Console: colour dummy device 80x25
Jan 26 11:09:32 LAPTOP-DT44HS44 kernel: [    0.336362] ACPI: Core revision 20230628
Jan 26 11:09:32 LAPTOP-DT44HS44 kernel: [    0.337640] Failed to register legacy timer interrupt
Jan 26 11:09:32 LAPTOP-DT44HS44 kernel: [    0.337644] APIC: Switch to symmetric I/O mode setup
Jan 26 11:09:32 LAPTOP-DT44HS44 kernel: [    0.349261] x2apic enabled
Jan 26 11:09:32 LAPTOP-DT44HS44 kernel: [    0.354369] APIC: Switched APIC routing to: physical x2apic
Jan 26 11:09:32 LAPTOP-DT44HS44 kernel: [    0.354381] Hyper-V: Host Build 10.0.26100.7623-7-0
Jan 26 11:09:32 LAPTOP-DT44HS44 kernel: [    0.354387] Hyper-V: enabling crash_kexec_post_notifiers
Jan 26 11:09:32 LAPTOP-DT44HS44 kernel: [    0.354537] Hyper-V: Disabling IBT because of Hyper-V bug
Jan 26 11:09:32 LAPTOP-DT44HS44 kernel: [    0.354540] Hyper-V: Using IPI hypercalls
Jan 26 11:09:32 LAPTOP-DT44HS44 kernel: [    0.354545] APIC: send_IPI() replaced with hv_send_ipi()
Jan 26 11:09:32 LAPTOP-DT44HS44 kernel: [    0.354557] APIC: send_IPI_mask() replaced with hv_send_ipi_mask()
Jan 26 11:09:32 LAPTOP-DT44HS44 kernel: [    0.354561] APIC: send_IPI_mask_allbutself() replaced with hv_send_ipi_mask_allbutself()
Jan 26 11:09:32 LAPTOP-DT44HS44 kernel: [    0.354565] APIC: send_IPI_allbutself() replaced with hv_send_ipi_allbutself()
Jan 26 11:09:32 LAPTOP-DT44HS44 kernel: [    0.354568] APIC: send_IPI_all() replaced with hv_send_ipi_all()
Jan 26 11:09:32 LAPTOP-DT44HS44 kernel: [    0.354571] APIC: send_IPI_self() replaced with hv_send_ipi_self()
Jan 26 11:09:32 LAPTOP-DT44HS44 kernel: [    0.354793] clocksource: tsc-early: mask: 0xffffffffffffffff max_cycles: 0x28680ed6720, max_idle_ns: 440795313953 ns
Jan 26 11:09:32 LAPTOP-DT44HS44 kernel: [    0.354811] Calibrating delay loop (skipped), value calculated using timer frequency.. 5606.39 BogoMIPS (lpj=11212796)
Jan 26 11:09:32 LAPTOP-DT44HS44 kernel: [    0.354970] x86/cpu: User Mode Instruction Prevention (UMIP) activated
Jan 26 11:09:32 LAPTOP-DT44HS44 kernel: [    0.355129] Last level iTLB entries: 4KB 0, 2MB 0, 4MB 0
Jan 26 11:09:32 LAPTOP-DT44HS44 kernel: [    0.355132] Last level dTLB entries: 4KB 0, 2MB 0, 4MB 0, 1GB 0
Jan 26 11:09:32 LAPTOP-DT44HS44 kernel: [    0.355142] Spectre V1 : Mitigation: usercopy/swapgs barriers and __user pointer sanitization
Jan 26 11:09:32 LAPTOP-DT44HS44 kernel: [    0.355147] Spectre V2 : Spectre BHI mitigation: SW BHB clearing on vm exit
Jan 26 11:09:32 LAPTOP-DT44HS44 kernel: [    0.355148] Spectre V2 : Spectre BHI mitigation: SW BHB clearing on syscall
Jan 26 11:09:32 LAPTOP-DT44HS44 kernel: [    0.355149] Spectre V2 : Mitigation: Enhanced / Automatic IBRS
Jan 26 11:09:32 LAPTOP-DT44HS44 kernel: [    0.355150] Spectre V2 : Spectre v2 / SpectreRSB mitigation: Filling RSB on context switch
Jan 26 11:09:32 LAPTOP-DT44HS44 kernel: [    0.355151] Spectre V2 : Spectre v2 / PBRSB-eIBRS: Retire a single CALL on VMEXIT
Jan 26 11:09:32 LAPTOP-DT44HS44 kernel: [    0.355152] RETBleed: Mitigation: Enhanced IBRS
Jan 26 11:09:32 LAPTOP-DT44HS44 kernel: [    0.355155] Spectre V2 : mitigation: Enabling conditional Indirect Branch Prediction Barrier
Jan 26 11:09:32 LAPTOP-DT44HS44 kernel: [    0.355157] Speculative Store Bypass: Mitigation: Speculative Store Bypass disabled via prctl
Jan 26 11:09:32 LAPTOP-DT44HS44 kernel: [    0.355160] GDS: Unknown: Dependent on hypervisor status
Jan 26 11:09:32 LAPTOP-DT44HS44 kernel: [    0.355193] x86/fpu: Supporting XSAVE feature 0x001: 'x87 floating point registers'
Jan 26 11:09:32 LAPTOP-DT44HS44 kernel: [    0.355196] x86/fpu: Supporting XSAVE feature 0x002: 'SSE registers'
Jan 26 11:09:32 LAPTOP-DT44HS44 kernel: [    0.355197] x86/fpu: Supporting XSAVE feature 0x004: 'AVX registers'
Jan 26 11:09:32 LAPTOP-DT44HS44 kernel: [    0.355199] x86/fpu: Supporting XSAVE feature 0x020: 'AVX-512 opmask'
Jan 26 11:09:32 LAPTOP-DT44HS44 kernel: [    0.355201] x86/fpu: Supporting XSAVE feature 0x040: 'AVX-512 Hi256'
Jan 26 11:09:32 LAPTOP-DT44HS44 kernel: [    0.355202] x86/fpu: Supporting XSAVE feature 0x080: 'AVX-512 ZMM_Hi256'
Jan 26 11:09:32 LAPTOP-DT44HS44 kernel: [    0.355204] x86/fpu: Supporting XSAVE feature 0x800: 'Control-flow User registers'
Jan 26 11:09:32 LAPTOP-DT44HS44 kernel: [    0.355206] x86/fpu: xstate_offset[2]:  576, xstate_sizes[2]:  256
Jan 26 11:09:32 LAPTOP-DT44HS44 kernel: [    0.355209] x86/fpu: xstate_offset[5]:  832, xstate_sizes[5]:   64
Jan 26 11:09:32 LAPTOP-DT44HS44 kernel: [    0.355211] x86/fpu: xstate_offset[6]:  896, xstate_sizes[6]:  512
Jan 26 11:09:32 LAPTOP-DT44HS44 kernel: [    0.355213] x86/fpu: xstate_offset[7]: 1408, xstate_sizes[7]: 1024
Jan 26 11:09:32 LAPTOP-DT44HS44 kernel: [    0.355215] x86/fpu: xstate_offset[11]: 2432, xstate_sizes[11]:   16
Jan 26 11:09:32 LAPTOP-DT44HS44 kernel: [    0.355217] x86/fpu: Enabled xstate features 0x8e7, context size is 2448 bytes, using 'compacted' format.
Jan 26 11:09:32 LAPTOP-DT44HS44 kernel: [    0.358802] Freeing SMP alternatives memory: 44K
Jan 26 11:09:32 LAPTOP-DT44HS44 kernel: [    0.358802] pid_max: default: 32768 minimum: 301
Jan 26 11:09:32 LAPTOP-DT44HS44 kernel: [    0.358802] LSM: initializing lsm=capability,landlock,yama,safesetid,selinux,integrity
Jan 26 11:09:32 LAPTOP-DT44HS44 kernel: [    0.358802] landlock: Up and running.
Jan 26 11:09:32 LAPTOP-DT44HS44 kernel: [    0.358802] Yama: becoming mindful.
Jan 26 11:09:32 LAPTOP-DT44HS44 kernel: [    0.358802] SELinux:  Initializing.
Jan 26 11:09:32 LAPTOP-DT44HS44 kernel: [    0.358802] Mount-cache hash table entries: 16384 (order: 5, 131072 bytes, linear)
Jan 26 11:09:32 LAPTOP-DT44HS44 kernel: [    0.358802] Mountpoint-cache hash table entries: 16384 (order: 5, 131072 bytes, linear)
Jan 26 11:09:32 LAPTOP-DT44HS44 kernel: [    0.358802] smpboot: CPU0: 11th Gen Intel(R) Core(TM) i7-1165G7 @ 2.80GHz (family: 0x6, model: 0x8c, stepping: 0x1)
Jan 26 11:09:32 LAPTOP-DT44HS44 kernel: [    0.358802] RCU Tasks: Setting shift to 3 and lim to 1 rcu_task_cb_adjust=1 rcu_task_cpu_ids=8.
Jan 26 11:09:32 LAPTOP-DT44HS44 kernel: [    0.358802] RCU Tasks Rude: Setting shift to 3 and lim to 1 rcu_task_cb_adjust=1 rcu_task_cpu_ids=8.
Jan 26 11:09:32 LAPTOP-DT44HS44 kernel: [    0.358802] RCU Tasks Trace: Setting shift to 3 and lim to 1 rcu_task_cb_adjust=1 rcu_task_cpu_ids=8.
Jan 26 11:09:32 LAPTOP-DT44HS44 kernel: [    0.358802] Performance Events:  AnyThread deprecated, Icelake events, 32-deep LBR, full-width counters, Intel PMU driver.
Jan 26 11:09:32 LAPTOP-DT44HS44 kernel: [    0.358802] ... version:                5
Jan 26 11:09:32 LAPTOP-DT44HS44 kernel: [    0.358802] ... bit width:              48
Jan 26 11:09:32 LAPTOP-DT44HS44 kernel: [    0.358802] ... generic registers:      8
Jan 26 11:09:32 LAPTOP-DT44HS44 kernel: [    0.358802] ... value mask:             0000ffffffffffff
Jan 26 11:09:32 LAPTOP-DT44HS44 kernel: [    0.358802] ... max period:             00007fffffffffff
Jan 26 11:09:32 LAPTOP-DT44HS44 kernel: [    0.358802] ... fixed-purpose events:   4
Jan 26 11:09:32 LAPTOP-DT44HS44 kernel: [    0.358802] ... event mask:             0001000f000000ff
Jan 26 11:09:32 LAPTOP-DT44HS44 kernel: [    0.358802] signal: max sigframe size: 3632
Jan 26 11:09:32 LAPTOP-DT44HS44 kernel: [    0.358802] rcu: Hierarchical SRCU implementation.
Jan 26 11:09:32 LAPTOP-DT44HS44 kernel: [    0.358802] rcu: 	Max phase no-delay instances is 1000.
Jan 26 11:09:32 LAPTOP-DT44HS44 kernel: [    0.358802] smp: Bringing up secondary CPUs ...
Jan 26 11:09:32 LAPTOP-DT44HS44 kernel: [    0.358802] smpboot: x86: Booting SMP configuration:
Jan 26 11:09:32 LAPTOP-DT44HS44 kernel: [    0.358802] .... node  #0, CPUs:      #2 #4 #6 #1 #3 #5 #7
Jan 26 11:09:32 LAPTOP-DT44HS44 kernel: [    0.431119] smp: Brought up 1 node, 8 CPUs
Jan 26 11:09:32 LAPTOP-DT44HS44 kernel: [    0.431127] smpboot: Max logical packages: 1
Jan 26 11:09:32 LAPTOP-DT44HS44 kernel: [    0.431129] smpboot: Total of 8 processors activated (44851.18 BogoMIPS)
Jan 26 11:09:32 LAPTOP-DT44HS44 kernel: [    0.475545] node 0 deferred pages initialised in 40ms
Jan 26 11:09:32 LAPTOP-DT44HS44 kernel: [    0.476057] devtmpfs: initialized
Jan 26 11:09:32 LAPTOP-DT44HS44 kernel: [    0.476057] x86/mm: Memory block size: 128MB
Jan 26 11:09:32 LAPTOP-DT44HS44 kernel: [    0.480348] clocksource: jiffies: mask: 0xffffffff max_cycles: 0xffffffff, max_idle_ns: 7645041785100000 ns
Jan 26 11:09:32 LAPTOP-DT44HS44 kernel: [    0.480348] futex hash table entries: 2048 (order: 5, 131072 bytes, linear)
Jan 26 11:09:32 LAPTOP-DT44HS44 kernel: [    0.480348] pinctrl core: initialized pinctrl subsystem
Jan 26 11:09:32 LAPTOP-DT44HS44 kernel: [    0.483944] NET: Registered PF_NETLINK/PF_ROUTE protocol family
Jan 26 11:09:32 LAPTOP-DT44HS44 kernel: [    0.485544] DMA: preallocated 1024 KiB GFP_KERNEL pool for atomic allocations
Jan 26 11:09:32 LAPTOP-DT44HS44 kernel: [    0.486792] DMA: preallocated 1024 KiB GFP_KERNEL|GFP_DMA32 pool for atomic allocations
Jan 26 11:09:32 LAPTOP-DT44HS44 kernel: [    0.486851] audit: initializing netlink subsys (disabled)
Jan 26 11:09:32 LAPTOP-DT44HS44 kernel: [    0.486914] audit: type=2000 audit(1769422150.132:1): state=initialized audit_enabled=0 res=1
Jan 26 11:09:32 LAPTOP-DT44HS44 kernel: [    0.487044] thermal_sys: Registered thermal governor 'step_wise'
Jan 26 11:09:32 LAPTOP-DT44HS44 kernel: [    0.487047] thermal_sys: Registered thermal governor 'user_space'
Jan 26 11:09:32 LAPTOP-DT44HS44 kernel: [    0.487074] cpuidle: using governor ladder
Jan 26 11:09:32 LAPTOP-DT44HS44 kernel: [    0.487083] cpuidle: using governor menu
Jan 26 11:09:32 LAPTOP-DT44HS44 kernel: [    0.487229] acpiphp: ACPI Hot Plug PCI Controller Driver version: 0.5
Jan 26 11:09:32 LAPTOP-DT44HS44 kernel: [    0.487328] dca service started, version 1.12.1
Jan 26 11:09:32 LAPTOP-DT44HS44 kernel: [    0.487355] PCI: Fatal: No config space access function found
Jan 26 11:09:32 LAPTOP-DT44HS44 kernel: [    0.488655] kprobes: kprobe jump-optimization is enabled. All kprobes are optimized if possible.
Jan 26 11:09:32 LAPTOP-DT44HS44 kernel: [    0.488702] HugeTLB: registered 1.00 GiB page size, pre-allocated 0 pages
Jan 26 11:09:32 LAPTOP-DT44HS44 kernel: [    0.488702] HugeTLB: 16380 KiB vmemmap can be freed for a 1.00 GiB page
Jan 26 11:09:32 LAPTOP-DT44HS44 kernel: [    0.488702] HugeTLB: registered 2.00 MiB page size, pre-allocated 0 pages
Jan 26 11:09:32 LAPTOP-DT44HS44 kernel: [    0.488702] HugeTLB: 28 KiB vmemmap can be freed for a 2.00 MiB page
Jan 26 11:09:32 LAPTOP-DT44HS44 kernel: [    0.491113] cryptd: max_cpu_qlen set to 1000
Jan 26 11:09:32 LAPTOP-DT44HS44 kernel: [    0.491323] ACPI: Added _OSI(Module Device)
Jan 26 11:09:32 LAPTOP-DT44HS44 kernel: [    0.491326] ACPI: Added _OSI(Processor Device)
Jan 26 11:09:32 LAPTOP-DT44HS44 kernel: [    0.491328] ACPI: Added _OSI(3.0 _SCP Extensions)
Jan 26 11:09:32 LAPTOP-DT44HS44 kernel: [    0.491330] ACPI: Added _OSI(Processor Aggregator Device)
Jan 26 11:09:32 LAPTOP-DT44HS44 kernel: [    0.516263] ACPI: 1 ACPI AML tables successfully acquired and loaded
Jan 26 11:09:32 LAPTOP-DT44HS44 kernel: [    0.518900] ACPI: _OSC evaluation for CPUs failed, trying _PDC
Jan 26 11:09:32 LAPTOP-DT44HS44 kernel: [    0.519154] ACPI: Interpreter enabled
Jan 26 11:09:32 LAPTOP-DT44HS44 kernel: [    0.519169] ACPI: PM: (supports S0 S5)
Jan 26 11:09:32 LAPTOP-DT44HS44 kernel: [    0.519171] ACPI: Using IOAPIC for interrupt routing
Jan 26 11:09:32 LAPTOP-DT44HS44 kernel: [    0.519203] PCI: Using host bridge windows from ACPI; if necessary, use "pci=nocrs" and report a bug
Jan 26 11:09:32 LAPTOP-DT44HS44 kernel: [    0.519205] PCI: Using E820 reservations for host bridge windows
Jan 26 11:09:32 LAPTOP-DT44HS44 kernel: [    0.519541] ACPI: Enabled 2 GPEs in block 00 to 0F
Jan 26 11:09:32 LAPTOP-DT44HS44 kernel: [    0.523394] iommu: Default domain type: Translated
Jan 26 11:09:32 LAPTOP-DT44HS44 kernel: [    0.523394] iommu: DMA domain TLB invalidation policy: lazy mode
Jan 26 11:09:32 LAPTOP-DT44HS44 kernel: [    0.523394] SCSI subsystem initialized
Jan 26 11:09:32 LAPTOP-DT44HS44 kernel: [    0.523430] libata version 3.00 loaded.
Jan 26 11:09:32 LAPTOP-DT44HS44 kernel: [    0.523430] pps_core: LinuxPPS API ver. 1 registered
Jan 26 11:09:32 LAPTOP-DT44HS44 kernel: [    0.523430] pps_core: Software ver. 5.3.6 - Copyright 2005-2007 Rodolfo Giometti <giometti@linux.it>
Jan 26 11:09:32 LAPTOP-DT44HS44 kernel: [    0.523430] PTP clock support registered
Jan 26 11:09:32 LAPTOP-DT44HS44 kernel: [    0.523430] EDAC MC: Ver: 3.0.0
Jan 26 11:09:32 LAPTOP-DT44HS44 kernel: [    0.611029] hv_vmbus: Vmbus version:5.3
Jan 26 11:09:32 LAPTOP-DT44HS44 kernel: [    0.611252] hv_vmbus: Unknown GUID: 6e382d18-3336-4f4b-acc4-2b7703d4df4a
Jan 26 11:09:32 LAPTOP-DT44HS44 kernel: [    0.611325] hv_vmbus: Unknown GUID: dde9cbc0-5060-4436-9448-ea1254a5d177
Jan 26 11:09:32 LAPTOP-DT44HS44 kernel: [    0.611756] NetLabel: Initializing
Jan 26 11:09:32 LAPTOP-DT44HS44 kernel: [    0.611759] NetLabel:  domain hash size = 128
Jan 26 11:09:32 LAPTOP-DT44HS44 kernel: [    0.611761] NetLabel:  protocols = UNLABELED CIPSOv4 CALIPSO
Jan 26 11:09:32 LAPTOP-DT44HS44 kernel: [    0.611791] NetLabel:  unlabeled traffic allowed by default
Jan 26 11:09:32 LAPTOP-DT44HS44 kernel: [    0.611792] PCI: Using ACPI for IRQ routing
Jan 26 11:09:32 LAPTOP-DT44HS44 kernel: [    0.611795] PCI: System does not support PCI
Jan 26 11:09:32 LAPTOP-DT44HS44 kernel: [    0.616751] vgaarb: loaded
Jan 26 11:09:32 LAPTOP-DT44HS44 kernel: [    0.634221] clocksource: Switched to clocksource tsc-early
Jan 26 11:09:32 LAPTOP-DT44HS44 kernel: [    0.637694] VFS: Disk quotas dquot_6.6.0
Jan 26 11:09:32 LAPTOP-DT44HS44 kernel: [    0.637721] VFS: Dquot-cache hash table entries: 512 (order 0, 4096 bytes)
Jan 26 11:09:32 LAPTOP-DT44HS44 kernel: [    0.637793] FS-Cache: Loaded
Jan 26 11:09:32 LAPTOP-DT44HS44 kernel: [    0.637883] pnp: PnP ACPI init
Jan 26 11:09:32 LAPTOP-DT44HS44 kernel: [    0.639367] pnp: PnP ACPI: found 1 devices
Jan 26 11:09:32 LAPTOP-DT44HS44 kernel: [    0.660206] clocksource: acpi_pm: mask: 0xffffff max_cycles: 0xffffff, max_idle_ns: 2085701024 ns
Jan 26 11:09:32 LAPTOP-DT44HS44 kernel: [    0.660525] NET: Registered PF_INET protocol family
Jan 26 11:09:32 LAPTOP-DT44HS44 kernel: [    0.663230] IP idents hash table entries: 131072 (order: 8, 1048576 bytes, linear)
Jan 26 11:09:32 LAPTOP-DT44HS44 kernel: [    0.669142] tcp_listen_portaddr_hash hash table entries: 4096 (order: 4, 65536 bytes, linear)
Jan 26 11:09:32 LAPTOP-DT44HS44 kernel: [    0.669471] Table-perturb hash table entries: 65536 (order: 6, 262144 bytes, linear)
Jan 26 11:09:32 LAPTOP-DT44HS44 kernel: [    0.670072] TCP established hash table entries: 65536 (order: 7, 524288 bytes, linear)
Jan 26 11:09:32 LAPTOP-DT44HS44 kernel: [    0.672728] TCP bind hash table entries: 65536 (order: 9, 2097152 bytes, linear)
Jan 26 11:09:32 LAPTOP-DT44HS44 kernel: [    0.673937] TCP: Hash tables configured (established 65536 bind 65536)
Jan 26 11:09:32 LAPTOP-DT44HS44 kernel: [    0.674385] UDP hash table entries: 4096 (order: 5, 131072 bytes, linear)
Jan 26 11:09:32 LAPTOP-DT44HS44 kernel: [    0.674719] UDP-Lite hash table entries: 4096 (order: 5, 131072 bytes, linear)
Jan 26 11:09:32 LAPTOP-DT44HS44 kernel: [    0.674966] NET: Registered PF_UNIX/PF_LOCAL protocol family
Jan 26 11:09:32 LAPTOP-DT44HS44 kernel: [    0.674988] NET: Registered PF_XDP protocol family
Jan 26 11:09:32 LAPTOP-DT44HS44 kernel: [    0.674996] PCI: CLS 0 bytes, default 64
Jan 26 11:09:32 LAPTOP-DT44HS44 kernel: [    0.675046] PCI-DMA: Using software bounce buffering for IO (SWIOTLB)
Jan 26 11:09:32 LAPTOP-DT44HS44 kernel: [    0.675048] software IO TLB: mapped [mem 0x00000000f4000000-0x00000000f8000000] (64MB)
Jan 26 11:09:32 LAPTOP-DT44HS44 kernel: [    0.675984] Trying to unpack rootfs image as initramfs...
Jan 26 11:09:32 LAPTOP-DT44HS44 kernel: [    0.676065] RAPL PMU: API unit is 2^-32 Joules, 0 fixed counters, 10737418240 ms ovfl timer
Jan 26 11:09:32 LAPTOP-DT44HS44 kernel: [    0.676097] clocksource: tsc: mask: 0xffffffffffffffff max_cycles: 0x28680ed6720, max_idle_ns: 440795313953 ns
Jan 26 11:09:32 LAPTOP-DT44HS44 kernel: [    0.699467] Freeing initrd memory: 2672K
Jan 26 11:09:32 LAPTOP-DT44HS44 kernel: [    0.702373] clocksource: Switched to clocksource tsc
Jan 26 11:09:32 LAPTOP-DT44HS44 kernel: [    0.709614] Initialise system trusted keyrings
Jan 26 11:09:32 LAPTOP-DT44HS44 kernel: [    0.709630] Key type blacklist registered
Jan 26 11:09:32 LAPTOP-DT44HS44 kernel: [    0.715345] workingset: timestamp_bits=36 max_order=21 bucket_order=0
Jan 26 11:09:32 LAPTOP-DT44HS44 kernel: [    0.716171] squashfs: version 4.0 (2009/01/31) Phillip Lougher
Jan 26 11:09:32 LAPTOP-DT44HS44 kernel: [    0.716197] fuse: init (API version 7.39)
Jan 26 11:09:32 LAPTOP-DT44HS44 kernel: [    0.716523] SGI XFS with ACLs, security attributes, realtime, verbose warnings, quota, no debug enabled
Jan 26 11:09:32 LAPTOP-DT44HS44 kernel: [    0.721287] 9p: Installing v9fs 9p2000 file system support
Jan 26 11:09:32 LAPTOP-DT44HS44 kernel: [    0.760288] Key type asymmetric registered
Jan 26 11:09:32 LAPTOP-DT44HS44 kernel: [    0.760295] Asymmetric key parser 'x509' registered
Jan 26 11:09:32 LAPTOP-DT44HS44 kernel: [    0.760492] Block layer SCSI generic (bsg) driver version 0.4 loaded (major 245)
Jan 26 11:09:32 LAPTOP-DT44HS44 kernel: [    0.760907] io scheduler mq-deadline registered
Jan 26 11:09:32 LAPTOP-DT44HS44 kernel: [    0.760913] io scheduler kyber registered
Jan 26 11:09:32 LAPTOP-DT44HS44 kernel: [    0.766567] hv_vmbus: registering driver hv_pci
Jan 26 11:09:32 LAPTOP-DT44HS44 kernel: [    0.769620] hv_pci c4b741f5-5582-4c98-8f8b-2e082933c396: PCI VMBus probing: Using version 0x10004
Jan 26 11:09:32 LAPTOP-DT44HS44 kernel: [    0.807454] hv_pci c4b741f5-5582-4c98-8f8b-2e082933c396: PCI host bridge to bus 5582:00
Jan 26 11:09:32 LAPTOP-DT44HS44 kernel: [    0.807461] pci_bus 5582:00: root bus resource [mem 0x9ffe00000-0x9ffe02fff window]
Jan 26 11:09:32 LAPTOP-DT44HS44 kernel: [    0.807465] pci_bus 5582:00: No busn resource found for root bus, will use [bus 00-ff]
Jan 26 11:09:32 LAPTOP-DT44HS44 kernel: [    0.844425] pci 5582:00:00.0: [1af4:1043] type 00 class 0x010000
Jan 26 11:09:32 LAPTOP-DT44HS44 kernel: [    0.853926] pci 5582:00:00.0: reg 0x10: [mem 0x9ffe00000-0x9ffe00fff 64bit]
Jan 26 11:09:32 LAPTOP-DT44HS44 kernel: [    0.858033] pci 5582:00:00.0: reg 0x18: [mem 0x9ffe01000-0x9ffe01fff 64bit]
Jan 26 11:09:32 LAPTOP-DT44HS44 kernel: [    0.861112] pci 5582:00:00.0: reg 0x20: [mem 0x9ffe02000-0x9ffe02fff 64bit]
Jan 26 11:09:32 LAPTOP-DT44HS44 kernel: [    0.896431] pci_bus 5582:00: busn_res: [bus 00-ff] end is updated to 00
Jan 26 11:09:32 LAPTOP-DT44HS44 kernel: [    0.896446] pci 5582:00:00.0: BAR 0: assigned [mem 0x9ffe00000-0x9ffe00fff 64bit]
Jan 26 11:09:32 LAPTOP-DT44HS44 kernel: [    0.904950] pci 5582:00:00.0: BAR 2: assigned [mem 0x9ffe01000-0x9ffe01fff 64bit]
Jan 26 11:09:32 LAPTOP-DT44HS44 kernel: [    1.005700] pci 5582:00:00.0: BAR 4: assigned [mem 0x9ffe02000-0x9ffe02fff 64bit]
Jan 26 11:09:32 LAPTOP-DT44HS44 kernel: [    1.018251] hv_pci 758ce2fd-58a7-4bc2-85cb-a9457ad1f4a4: PCI VMBus probing: Using version 0x10004
Jan 26 11:09:32 LAPTOP-DT44HS44 kernel: [    1.028447] hv_pci 758ce2fd-58a7-4bc2-85cb-a9457ad1f4a4: PCI host bridge to bus 58a7:00
Jan 26 11:09:32 LAPTOP-DT44HS44 kernel: [    1.028454] pci_bus 58a7:00: No busn resource found for root bus, will use [bus 00-ff]
Jan 26 11:09:32 LAPTOP-DT44HS44 kernel: [    1.034549] pci 58a7:00:00.0: [1414:008e] type 00 class 0x030200
Jan 26 11:09:32 LAPTOP-DT44HS44 kernel: [    1.073904] pci_bus 58a7:00: busn_res: [bus 00-ff] end is updated to 00
Jan 26 11:09:32 LAPTOP-DT44HS44 kernel: [    1.075088] ioatdma: Intel(R) QuickData Technology Driver 5.00
Jan 26 11:09:32 LAPTOP-DT44HS44 kernel: [    1.075409] virtio-pci 5582:00:00.0: enabling device (0000 -> 0002)
Jan 26 11:09:32 LAPTOP-DT44HS44 kernel: [    1.089047] Serial: 8250/16550 driver, 8 ports, IRQ sharing enabled
Jan 26 11:09:32 LAPTOP-DT44HS44 kernel: [    1.441390] Linux agpgart interface v0.103
Jan 26 11:09:32 LAPTOP-DT44HS44 kernel: [    1.441430] AMD-Vi: AMD IOMMUv2 functionality not available on this system - This is not a bug.
Jan 26 11:09:32 LAPTOP-DT44HS44 kernel: [    1.441445] ACPI: bus type drm_connector registered
Jan 26 11:09:32 LAPTOP-DT44HS44 kernel: [    1.462842] printk: console [hvc0] enabled
Jan 26 11:09:32 LAPTOP-DT44HS44 kernel: [    1.470943] brd: module loaded
Jan 26 11:09:32 LAPTOP-DT44HS44 kernel: [    1.514538] loop: module loaded
Jan 26 11:09:32 LAPTOP-DT44HS44 kernel: [    1.551388] Loading iSCSI transport class v2.0-870.
Jan 26 11:09:32 LAPTOP-DT44HS44 kernel: [    1.615276] rdac: device handler registered
Jan 26 11:09:32 LAPTOP-DT44HS44 kernel: [    1.663275] Microchip SmartPQI Driver (v2.1.24-046)
Jan 26 11:09:32 LAPTOP-DT44HS44 kernel: [    1.727298] VMware PVSCSI driver - version 1.0.7.0-k
Jan 26 11:09:32 LAPTOP-DT44HS44 kernel: [    1.790795] hv_vmbus: registering driver hv_storvsc
Jan 26 11:09:32 LAPTOP-DT44HS44 kernel: [    1.835025] scsi host0: storvsc_host_t
Jan 26 11:09:32 LAPTOP-DT44HS44 kernel: [    1.840024] PPP generic driver version 2.4.2
Jan 26 11:09:32 LAPTOP-DT44HS44 kernel: [    1.841667] VMware vmxnet3 virtual NIC driver - version 1.7.0.0-k-NAPI
Jan 26 11:09:32 LAPTOP-DT44HS44 kernel: [    1.843160] hv_vmbus: registering driver hv_netvsc
Jan 26 11:09:32 LAPTOP-DT44HS44 kernel: [    1.845037] Fusion MPT base driver 3.04.20
Jan 26 11:09:32 LAPTOP-DT44HS44 kernel: [    1.845847] Copyright (c) 1999-2008 LSI Corporation
Jan 26 11:09:32 LAPTOP-DT44HS44 kernel: [    1.847011] Fusion MPT SPI Host driver 3.04.20
Jan 26 11:09:32 LAPTOP-DT44HS44 kernel: [    1.847927] Fusion MPT SAS Host driver 3.04.20
Jan 26 11:09:32 LAPTOP-DT44HS44 kernel: [    1.849937] Fusion MPT misc device (ioctl) driver 3.04.20
Jan 26 11:09:32 LAPTOP-DT44HS44 kernel: [    1.856360] mptctl: Registered with Fusion MPT base driver
Jan 26 11:09:32 LAPTOP-DT44HS44 kernel: [    1.865131] mptctl: /dev/mptctl @ (major,minor=10,220)
Jan 26 11:09:32 LAPTOP-DT44HS44 kernel: [    1.872646] i8042: PNP: No PS/2 controller found.
Jan 26 11:09:32 LAPTOP-DT44HS44 kernel: [    1.875195] hv_vmbus: registering driver hyperv_keyboard
Jan 26 11:09:32 LAPTOP-DT44HS44 kernel: [    1.877921] rtc_cmos 00:00: RTC can wake from S4
Jan 26 11:09:32 LAPTOP-DT44HS44 kernel: [    1.896506] rtc_cmos 00:00: registered as rtc0
Jan 26 11:09:32 LAPTOP-DT44HS44 kernel: [    1.928497] rtc_cmos 00:00: setting system clock to 2026-01-26T10:09:12 UTC (1769422152)
Jan 26 11:09:32 LAPTOP-DT44HS44 kernel: [    1.942324] rtc_cmos 00:00: alarms up to one month, 114 bytes nvram
Jan 26 11:09:32 LAPTOP-DT44HS44 kernel: [    1.945100] device-mapper: core: CONFIG_IMA_DISABLE_HTABLE is disabled. Duplicate IMA measurements will not be recorded in the IMA log.
Jan 26 11:09:32 LAPTOP-DT44HS44 kernel: [    1.980767] device-mapper: uevent: version 1.0.3
Jan 26 11:09:32 LAPTOP-DT44HS44 kernel: [    1.986836] device-mapper: ioctl: 4.48.0-ioctl (2023-03-01) initialised: dm-devel@redhat.com
Jan 26 11:09:32 LAPTOP-DT44HS44 kernel: [    1.989187] intel_pstate: CPU model not supported
Jan 26 11:09:32 LAPTOP-DT44HS44 kernel: [    1.992635] hv_utils: Registering HyperV Utility Driver
Jan 26 11:09:32 LAPTOP-DT44HS44 kernel: [    1.993732] hv_vmbus: registering driver hv_utils
Jan 26 11:09:32 LAPTOP-DT44HS44 kernel: [    1.997359] hv_vmbus: registering driver hv_balloon
Jan 26 11:09:32 LAPTOP-DT44HS44 kernel: [    2.000965] hv_vmbus: registering driver dxgkrnl
Jan 26 11:09:32 LAPTOP-DT44HS44 kernel: [    2.001355] hv_balloon: Using Dynamic Memory protocol version 2.0
Jan 26 11:09:32 LAPTOP-DT44HS44 kernel: [    2.008085] hv_utils: TimeSync IC version 4.0
Jan 26 11:09:32 LAPTOP-DT44HS44 kernel: [    2.010986] Free page reporting enabled
Jan 26 11:09:32 LAPTOP-DT44HS44 kernel: [    2.011660] hv_balloon: Cold memory discard hint enabled with order 9
Jan 26 11:09:32 LAPTOP-DT44HS44 kernel: [    2.012061] drop_monitor: Initializing network drop monitor service
Jan 26 11:09:32 LAPTOP-DT44HS44 kernel: [    2.088529] NET: Registered PF_INET6 protocol family
Jan 26 11:09:32 LAPTOP-DT44HS44 kernel: [    2.094580] Segment Routing with IPv6
Jan 26 11:09:32 LAPTOP-DT44HS44 kernel: [    2.095567] In-situ OAM (IOAM) with IPv6
Jan 26 11:09:32 LAPTOP-DT44HS44 kernel: [    2.096580] NET: Registered PF_PACKET protocol family
Jan 26 11:09:32 LAPTOP-DT44HS44 kernel: [    2.098511] 9pnet: Installing 9P2000 support
Jan 26 11:09:32 LAPTOP-DT44HS44 kernel: [    2.103432] NET: Registered PF_VSOCK protocol family
Jan 26 11:09:32 LAPTOP-DT44HS44 kernel: [    2.105817] hv_vmbus: registering driver hv_sock
Jan 26 11:09:32 LAPTOP-DT44HS44 kernel: [    2.113449] IPI shorthand broadcast: enabled
Jan 26 11:09:32 LAPTOP-DT44HS44 kernel: [    2.122556] AVX2 version of gcm_enc/dec engaged.
Jan 26 11:09:32 LAPTOP-DT44HS44 kernel: [    2.127225] AES CTR mode by8 optimization enabled
Jan 26 11:09:32 LAPTOP-DT44HS44 kernel: [    2.139906] sched_clock: Marking stable (2120017032, 18627618)->(2303257983, -164613333)
Jan 26 11:09:32 LAPTOP-DT44HS44 kernel: [    2.143839] registered taskstats version 1
Jan 26 11:09:32 LAPTOP-DT44HS44 kernel: [    2.144890] Loading compiled-in X.509 certificates
Jan 26 11:09:32 LAPTOP-DT44HS44 kernel: [    2.163797] ima: No TPM chip found, activating TPM-bypass!
Jan 26 11:09:32 LAPTOP-DT44HS44 kernel: [    2.210980] ima: Allocated hash algorithm: sha256
Jan 26 11:09:32 LAPTOP-DT44HS44 kernel: [    2.226595] ima: No architecture policies found
Jan 26 11:09:32 LAPTOP-DT44HS44 kernel: [    2.521633] RAS: Correctable Errors collector initialized.
Jan 26 11:09:32 LAPTOP-DT44HS44 kernel: [    2.537701] clk: Disabling unused clocks
Jan 26 11:09:32 LAPTOP-DT44HS44 kernel: [    2.566273] Freeing unused decrypted memory: 2028K
Jan 26 11:09:32 LAPTOP-DT44HS44 kernel: [    2.588281] Freeing unused kernel image (initmem) memory: 4492K
Jan 26 11:09:32 LAPTOP-DT44HS44 kernel: [    2.589717] Write protecting the kernel read-only data: 34816k
Jan 26 11:09:32 LAPTOP-DT44HS44 kernel: [    2.594089] Freeing unused kernel image (rodata/data gap) memory: 840K
Jan 26 11:09:32 LAPTOP-DT44HS44 kernel: [    2.595964] Run /init as init process
Jan 26 11:09:32 LAPTOP-DT44HS44 kernel: [    2.596874]   with arguments:
Jan 26 11:09:32 LAPTOP-DT44HS44 kernel: [    2.597733]     /init
Jan 26 11:09:32 LAPTOP-DT44HS44 kernel: [    2.598197]   with environment:
Jan 26 11:09:32 LAPTOP-DT44HS44 kernel: [    2.601549]     HOME=/
Jan 26 11:09:32 LAPTOP-DT44HS44 kernel: [    2.602085]     TERM=linux
Jan 26 11:09:32 LAPTOP-DT44HS44 kernel: [    2.602731]     WSL_ROOT_INIT=1
Jan 26 11:09:32 LAPTOP-DT44HS44 kernel: [    2.603336]     WSL_ENABLE_CRASH_DUMP=1
Jan 26 11:09:32 LAPTOP-DT44HS44 kernel: [    2.827091] scsi 0:0:0:0: Direct-Access     Msft     Virtual Disk     1.0  PQ: 0 ANSI: 5
Jan 26 11:09:32 LAPTOP-DT44HS44 kernel: [    2.951796] scsi 0:0:0:1: Direct-Access     Msft     Virtual Disk     1.0  PQ: 0 ANSI: 5
Jan 26 11:09:32 LAPTOP-DT44HS44 kernel: [    3.042202] scsi 0:0:0:2: Direct-Access     Msft     Virtual Disk     1.0  PQ: 0 ANSI: 5
Jan 26 11:09:32 LAPTOP-DT44HS44 kernel: [    3.098557] sd 0:0:0:0: Attached scsi generic sg0 type 0
Jan 26 11:09:32 LAPTOP-DT44HS44 kernel: [    3.115316] sd 0:0:0:1: Attached scsi generic sg1 type 0
Jan 26 11:09:32 LAPTOP-DT44HS44 kernel: [    3.119147] sd 0:0:0:1: [sdb] 381016 512-byte logical blocks: (195 MB/186 MiB)
Jan 26 11:09:32 LAPTOP-DT44HS44 kernel: [    3.164093] sd 0:0:0:0: [sda] 795536 512-byte logical blocks: (407 MB/388 MiB)
Jan 26 11:09:32 LAPTOP-DT44HS44 kernel: [    3.164390] sd 0:0:0:0: [sda] Write Protect is on
Jan 26 11:09:32 LAPTOP-DT44HS44 kernel: [    3.164394] sd 0:0:0:0: [sda] Mode Sense: 0f 00 80 00
Jan 26 11:09:32 LAPTOP-DT44HS44 kernel: [    3.164745] sd 0:0:0:0: [sda] Write cache: disabled, read cache: enabled, doesn't support DPO or FUA
Jan 26 11:09:32 LAPTOP-DT44HS44 kernel: [    3.164985] sd 0:0:0:2: Attached scsi generic sg2 type 0
Jan 26 11:09:32 LAPTOP-DT44HS44 kernel: [    3.165576] sd 0:0:0:2: [sdc] 4194312 512-byte logical blocks: (2.15 GB/2.00 GiB)
Jan 26 11:09:32 LAPTOP-DT44HS44 kernel: [    3.165580] sd 0:0:0:2: [sdc] 4096-byte physical blocks
Jan 26 11:09:32 LAPTOP-DT44HS44 kernel: [    3.165779] sd 0:0:0:2: [sdc] Write Protect is off
Jan 26 11:09:32 LAPTOP-DT44HS44 kernel: [    3.165783] sd 0:0:0:2: [sdc] Mode Sense: 0f 00 00 00
Jan 26 11:09:32 LAPTOP-DT44HS44 kernel: [    3.166221] sd 0:0:0:2: [sdc] Write cache: enabled, read cache: enabled, doesn't support DPO or FUA
Jan 26 11:09:32 LAPTOP-DT44HS44 kernel: [    3.168966] sd 0:0:0:2: [sdc] Attached SCSI disk
Jan 26 11:09:32 LAPTOP-DT44HS44 kernel: [    3.255825] sd 0:0:0:0: [sda] Attached SCSI disk
Jan 26 11:09:32 LAPTOP-DT44HS44 kernel: [    3.271283] sd 0:0:0:1: [sdb] Write Protect is on
Jan 26 11:09:32 LAPTOP-DT44HS44 kernel: [    3.276775] EXT4-fs (sda): mounted filesystem 00000000-0000-0000-0000-000000000000 ro without journal. Quota mode: none.
Jan 26 11:09:32 LAPTOP-DT44HS44 kernel: [    3.534861] Adding 2097152k swap on /dev/sdc.  Priority:-2 extents:1 across:2097152k 
Jan 26 11:09:32 LAPTOP-DT44HS44 kernel: [    3.545627] sd 0:0:0:1: [sdb] Mode Sense: 0f 00 80 00
Jan 26 11:09:32 LAPTOP-DT44HS44 kernel: [    3.548947] sd 0:0:0:1: [sdb] Write cache: disabled, read cache: enabled, doesn't support DPO or FUA
Jan 26 11:09:32 LAPTOP-DT44HS44 kernel: [    3.639365] /dev/sdb: Can't open blockdev
Jan 26 11:09:32 LAPTOP-DT44HS44 kernel: [    3.680919] sd 0:0:0:1: [sdb] Attached SCSI disk
Jan 26 11:09:32 LAPTOP-DT44HS44 kernel: [    3.765843] EXT4-fs (sdb): mounted filesystem 00000000-0000-0000-0000-000000000000 ro without journal. Quota mode: none.
Jan 26 11:09:32 LAPTOP-DT44HS44 kernel: [    4.060359] tun: Universal TUN/TAP device driver, 1.6
Jan 26 11:09:32 LAPTOP-DT44HS44 kernel: [    4.188354] bridge: filtering via arp/ip/ip6tables is no longer available by default. Update your scripts to load br_netfilter if you need this.
Jan 26 11:09:32 LAPTOP-DT44HS44 kernel: [    4.296317] Bridge firewalling registered
Jan 26 11:09:32 LAPTOP-DT44HS44 kernel: [   11.450252] hv_pci 7a24185e-193e-4fed-af54-c36c30912660: PCI VMBus probing: Using version 0x10004
Jan 26 11:09:32 LAPTOP-DT44HS44 kernel: [   11.807008] hv_pci 7a24185e-193e-4fed-af54-c36c30912660: PCI host bridge to bus 193e:00
Jan 26 11:09:32 LAPTOP-DT44HS44 kernel: [   11.919062] pci_bus 193e:00: root bus resource [mem 0xc00000000-0xe00001fff window]
Jan 26 11:09:32 LAPTOP-DT44HS44 kernel: [   12.014244] pci_bus 193e:00: No busn resource found for root bus, will use [bus 00-ff]
Jan 26 11:09:32 LAPTOP-DT44HS44 kernel: [   12.486961] pci 193e:00:00.0: [1af4:105a] type 00 class 0x088000
Jan 26 11:09:32 LAPTOP-DT44HS44 kernel: [   12.765612] pci 193e:00:00.0: reg 0x10: [mem 0xe00000000-0xe00000fff 64bit]
Jan 26 11:09:32 LAPTOP-DT44HS44 kernel: [   12.917276] pci 193e:00:00.0: reg 0x18: [mem 0xe00001000-0xe00001fff 64bit]
Jan 26 11:09:32 LAPTOP-DT44HS44 kernel: [   13.022757] pci 193e:00:00.0: reg 0x20: [mem 0xc00000000-0xdffffffff 64bit]
Jan 26 11:09:32 LAPTOP-DT44HS44 kernel: [   13.120904] pci_bus 193e:00: busn_res: [bus 00-ff] end is updated to 00
Jan 26 11:09:32 LAPTOP-DT44HS44 kernel: [   13.184610] pci 193e:00:00.0: BAR 4: assigned [mem 0xc00000000-0xdffffffff 64bit]
Jan 26 11:09:32 LAPTOP-DT44HS44 kernel: [   13.287243] pci 193e:00:00.0: BAR 0: assigned [mem 0xe00000000-0xe00000fff 64bit]
Jan 26 11:09:32 LAPTOP-DT44HS44 kernel: [   13.368601] pci 193e:00:00.0: BAR 2: assigned [mem 0xe00001000-0xe00001fff 64bit]
Jan 26 11:09:32 LAPTOP-DT44HS44 kernel: [   13.449740] virtio-pci 193e:00:00.0: enabling device (0000 -> 0002)
Jan 26 11:09:32 LAPTOP-DT44HS44 kernel: [   13.692122] virtiofs virtio1: Cache len: 0x200000000 @ 0xc00000000
Jan 26 11:09:32 LAPTOP-DT44HS44 kernel: [   14.245014] scsi 0:0:0:3: Direct-Access     Msft     Virtual Disk     1.0  PQ: 0 ANSI: 5
Jan 26 11:09:32 LAPTOP-DT44HS44 kernel: [   14.349373] sd 0:0:0:3: Attached scsi generic sg3 type 0
Jan 26 11:09:32 LAPTOP-DT44HS44 kernel: [   14.350690] sd 0:0:0:3: [sdd] 2147483648 512-byte logical blocks: (1.10 TB/1.00 TiB)
Jan 26 11:09:32 LAPTOP-DT44HS44 kernel: [   14.511895] sd 0:0:0:3: [sdd] 4096-byte physical blocks
Jan 26 11:09:32 LAPTOP-DT44HS44 kernel: [   14.514813] sd 0:0:0:3: [sdd] Write Protect is off
Jan 26 11:09:32 LAPTOP-DT44HS44 kernel: [   14.519345] sd 0:0:0:3: [sdd] Mode Sense: 0f 00 00 00
Jan 26 11:09:32 LAPTOP-DT44HS44 kernel: [   14.534072] sd 0:0:0:3: [sdd] Write cache: enabled, read cache: enabled, doesn't support DPO or FUA
Jan 26 11:09:32 LAPTOP-DT44HS44 kernel: [   14.620228] /dev/sdd: Can't open blockdev
Jan 26 11:09:32 LAPTOP-DT44HS44 kernel: [   14.653982] sd 0:0:0:3: [sdd] Attached SCSI disk
Jan 26 11:09:32 LAPTOP-DT44HS44 kernel: [   18.312939] WSL (217) ERROR: CheckConnection: getaddrinfo() failed: -5
Jan 26 11:09:32 LAPTOP-DT44HS44 kernel: [   20.500631] EXT4-fs (sdd): 11 orphan inodes deleted
Jan 26 11:09:32 LAPTOP-DT44HS44 kernel: [   20.548185] EXT4-fs (sdd): recovery complete
Jan 26 11:09:32 LAPTOP-DT44HS44 kernel: [   20.597566] EXT4-fs (sdd): mounted filesystem c95bfc2c-093a-46c1-b2cc-2312b55eb63f r/w with ordered data mode. Quota mode: none.
Jan 26 11:09:32 LAPTOP-DT44HS44 kernel: [   21.864780] systemd[231]: memfd_create() called without MFD_EXEC or MFD_NOEXEC_SEAL set
Jan 26 11:09:32 LAPTOP-DT44HS44 kernel: [   21.994749] Failed to connect to bus: No such file or directory
Jan 26 11:09:32 LAPTOP-DT44HS44 kernel: [   22.280302] misc dxg: dxgk: dxgkio_is_feature_enabled: Ioctl failed: -22
Jan 26 11:09:32 LAPTOP-DT44HS44 kernel: [   22.290775] Failed to connect to bus: No such file or directory
Jan 26 11:09:32 LAPTOP-DT44HS44 kernel: [   22.300928] misc dxg: dxgk: dxgkio_query_adapter_info: Ioctl failed: -22
Jan 26 11:09:32 LAPTOP-DT44HS44 kernel: [   22.302215] misc dxg: dxgk: dxgkio_query_adapter_info: Ioctl failed: -22
Jan 26 11:09:32 LAPTOP-DT44HS44 kernel: [   22.303620] misc dxg: dxgk: dxgkio_query_adapter_info: Ioctl failed: -22
Jan 26 11:09:32 LAPTOP-DT44HS44 kernel: [   22.310415] misc dxg: dxgk: dxgkio_query_adapter_info: Ioctl failed: -2
Jan 26 11:09:32 LAPTOP-DT44HS44 kernel: [   22.553592] Failed to connect to bus: No such file or directory
Jan 26 11:09:32 LAPTOP-DT44HS44 kernel: [   22.888540] Failed to connect to bus: No such file or directory
Jan 26 11:09:32 LAPTOP-DT44HS44 kernel: [   24.310174] systemd-journald[72]: Received client request to flush runtime journal.
Jan 26 11:09:32 LAPTOP-DT44HS44 kernel: [   25.297015] ACPI: AC: AC Adapter [AC1] (off-line)
Jan 26 11:09:32 LAPTOP-DT44HS44 kernel: [   25.556488] ACPI: battery: Slot [BAT1] (battery present)
Jan 26 11:09:32 LAPTOP-DT44HS44 dbus-daemon[201]: [system] Activation via systemd failed for unit 'dbus-org.freedesktop.network1.service': Unit dbus-org.freedesktop.network1.service not found.
Jan 26 11:09:32 LAPTOP-DT44HS44 systemd[1]: Starting Hold until boot process finishes up...
Jan 26 11:09:33 LAPTOP-DT44HS44 systemd[1]: Starting Terminate Plymouth Boot Screen...
Jan 26 11:09:33 LAPTOP-DT44HS44 systemd[1]: Started LSB: automatic crash report generation.
Jan 26 11:09:33 LAPTOP-DT44HS44 systemd[1]: Finished Ubuntu FAN network setup.
Jan 26 11:09:33 LAPTOP-DT44HS44 systemd[1]: Finished Hold until boot process finishes up.
Jan 26 11:09:33 LAPTOP-DT44HS44 systemd[1]: Finished Terminate Plymouth Boot Screen.
Jan 26 11:09:33 LAPTOP-DT44HS44 systemd[1]: Started Console Getty.
Jan 26 11:09:33 LAPTOP-DT44HS44 systemd[1]: Starting Set console scheme...
Jan 26 11:09:33 LAPTOP-DT44HS44 networkd-dispatcher[206]: No valid path found for iwconfig
Jan 26 11:09:33 LAPTOP-DT44HS44 networkd-dispatcher[206]: No valid path found for iw
Jan 26 11:09:33 LAPTOP-DT44HS44 systemd[1]: Finished Set console scheme.
Jan 26 11:09:33 LAPTOP-DT44HS44 systemd[1]: Created slice Slice /system/getty.
Jan 26 11:09:33 LAPTOP-DT44HS44 dbus-daemon[201]: [system] Activating via systemd: service name='org.freedesktop.network1' unit='dbus-org.freedesktop.network1.service' requested by ':1.4' (uid=0 pid=251 comm="/usr/bin/networkctl list --no-pager --no-legend " label="kernel")
Jan 26 11:09:33 LAPTOP-DT44HS44 systemd[1]: Started Getty on tty1.
Jan 26 11:09:33 LAPTOP-DT44HS44 systemd[1]: Reached target Login Prompts.
Jan 26 11:09:33 LAPTOP-DT44HS44 dbus-daemon[201]: [system] Activation via systemd failed for unit 'dbus-org.freedesktop.network1.service': Unit dbus-org.freedesktop.network1.service not found.
Jan 26 11:09:33 LAPTOP-DT44HS44 networkd-dispatcher[251]: WARNING: systemd-networkd is not running, output will be incomplete.
Jan 26 11:09:33 LAPTOP-DT44HS44 networkd-dispatcher[206]: ERROR:Unknown state for interface NetworkctlListState(idx=1, name='lo', type='loopback', operational='n/a', administrative='unmanaged'): n/a
Jan 26 11:09:33 LAPTOP-DT44HS44 networkd-dispatcher[206]: Traceback (most recent call last):
Jan 26 11:09:33 LAPTOP-DT44HS44 networkd-dispatcher[206]:   File "/usr/bin/networkd-dispatcher", line 298, in trigger_all
Jan 26 11:09:33 LAPTOP-DT44HS44 networkd-dispatcher[206]:     self.handle_state(iface_name,
Jan 26 11:09:33 LAPTOP-DT44HS44 networkd-dispatcher[206]:   File "/usr/bin/networkd-dispatcher", line 348, in handle_state
Jan 26 11:09:33 LAPTOP-DT44HS44 networkd-dispatcher[206]:     raise UnknownState(operational_state)
Jan 26 11:09:33 LAPTOP-DT44HS44 networkd-dispatcher[206]: UnknownState: n/a
Jan 26 11:09:33 LAPTOP-DT44HS44 networkd-dispatcher[206]: ERROR:Unknown state for interface NetworkctlListState(idx=2, name='eth0', type='ether', operational='n/a', administrative='unmanaged'): n/a
Jan 26 11:09:33 LAPTOP-DT44HS44 networkd-dispatcher[206]: Traceback (most recent call last):
Jan 26 11:09:33 LAPTOP-DT44HS44 networkd-dispatcher[206]:   File "/usr/bin/networkd-dispatcher", line 298, in trigger_all
Jan 26 11:09:33 LAPTOP-DT44HS44 networkd-dispatcher[206]:     self.handle_state(iface_name,
Jan 26 11:09:33 LAPTOP-DT44HS44 networkd-dispatcher[206]:   File "/usr/bin/networkd-dispatcher", line 348, in handle_state
Jan 26 11:09:33 LAPTOP-DT44HS44 networkd-dispatcher[206]:     raise UnknownState(operational_state)
Jan 26 11:09:33 LAPTOP-DT44HS44 networkd-dispatcher[206]: UnknownState: n/a
Jan 26 11:09:33 LAPTOP-DT44HS44 systemd[1]: Started Dispatcher daemon for systemd-networkd.
Jan 26 11:09:33 LAPTOP-DT44HS44 snapd[211]: overlord.go:288: Acquiring state lock file
Jan 26 11:09:33 LAPTOP-DT44HS44 snapd[211]: overlord.go:293: Acquired state lock file
Jan 26 11:09:33 LAPTOP-DT44HS44 snapd[211]: daemon.go:276: started snapd/2.72+ubuntu22.04 (series 16; classic; devmode; wsl) ubuntu/22.04 (amd64) linux/6.6.87.2-microsoft-standa.
Jan 26 11:09:33 LAPTOP-DT44HS44 systemd[1]: tmp-syscheck\x2dmountpoint\x2d25765408.mount: Deactivated successfully.
Jan 26 11:09:34 LAPTOP-DT44HS44 snapd[211]: daemon.go:370: adjusting startup timeout by 30s (pessimistic estimate of 30s plus 5s per snap)
Jan 26 11:09:34 LAPTOP-DT44HS44 snapd[211]: backends.go:70: AppArmor status: apparmor not enabled
Jan 26 11:09:34 LAPTOP-DT44HS44 systemd[1]: Started User Login Management.
Jan 26 11:09:34 LAPTOP-DT44HS44 containerd[224]: time="2026-01-26T11:09:34.174777625+01:00" level=info msg="starting containerd" revision= version=1.7.28
Jan 26 11:09:34 LAPTOP-DT44HS44 containerd[224]: time="2026-01-26T11:09:34.286113854+01:00" level=info msg="loading plugin \"io.containerd.snapshotter.v1.aufs\"..." type=io.containerd.snapshotter.v1
Jan 26 11:09:34 LAPTOP-DT44HS44 containerd[224]: time="2026-01-26T11:09:34.290653181+01:00" level=info msg="skip loading plugin \"io.containerd.snapshotter.v1.aufs\"..." error="aufs is not supported (modprobe aufs failed: exit status 1 \"modprobe: FATAL: Module aufs not found in directory /lib/modules/6.6.87.2-microsoft-standard-WSL2\\n\"): skip plugin" type=io.containerd.snapshotter.v1
Jan 26 11:09:34 LAPTOP-DT44HS44 containerd[224]: time="2026-01-26T11:09:34.290730027+01:00" level=info msg="loading plugin \"io.containerd.event.v1.exchange\"..." type=io.containerd.event.v1
Jan 26 11:09:34 LAPTOP-DT44HS44 containerd[224]: time="2026-01-26T11:09:34.290767156+01:00" level=info msg="loading plugin \"io.containerd.internal.v1.opt\"..." type=io.containerd.internal.v1
Jan 26 11:09:34 LAPTOP-DT44HS44 containerd[224]: time="2026-01-26T11:09:34.308646900+01:00" level=info msg="loading plugin \"io.containerd.warning.v1.deprecations\"..." type=io.containerd.warning.v1
Jan 26 11:09:34 LAPTOP-DT44HS44 containerd[224]: time="2026-01-26T11:09:34.308772136+01:00" level=info msg="loading plugin \"io.containerd.snapshotter.v1.blockfile\"..." type=io.containerd.snapshotter.v1
Jan 26 11:09:34 LAPTOP-DT44HS44 containerd[224]: time="2026-01-26T11:09:34.309966269+01:00" level=info msg="skip loading plugin \"io.containerd.snapshotter.v1.blockfile\"..." error="no scratch file generator: skip plugin" type=io.containerd.snapshotter.v1
Jan 26 11:09:34 LAPTOP-DT44HS44 containerd[224]: time="2026-01-26T11:09:34.310015534+01:00" level=info msg="loading plugin \"io.containerd.snapshotter.v1.btrfs\"..." type=io.containerd.snapshotter.v1
Jan 26 11:09:34 LAPTOP-DT44HS44 containerd[224]: time="2026-01-26T11:09:34.310450788+01:00" level=info msg="skip loading plugin \"io.containerd.snapshotter.v1.btrfs\"..." error="path /var/lib/containerd/io.containerd.snapshotter.v1.btrfs (ext4) must be a btrfs filesystem to be used with the btrfs snapshotter: skip plugin" type=io.containerd.snapshotter.v1
Jan 26 11:09:34 LAPTOP-DT44HS44 containerd[224]: time="2026-01-26T11:09:34.310491630+01:00" level=info msg="loading plugin \"io.containerd.snapshotter.v1.devmapper\"..." type=io.containerd.snapshotter.v1
Jan 26 11:09:34 LAPTOP-DT44HS44 dbus-daemon[201]: [system] Activating via systemd: service name='org.freedesktop.timedate1' unit='dbus-org.freedesktop.timedate1.service' requested by ':1.7' (uid=0 pid=211 comm="/usr/lib/snapd/snapd " label="kernel")
Jan 26 11:09:34 LAPTOP-DT44HS44 containerd[224]: time="2026-01-26T11:09:34.310586592+01:00" level=info msg="skip loading plugin \"io.containerd.snapshotter.v1.devmapper\"..." error="devmapper not configured: skip plugin" type=io.containerd.snapshotter.v1
Jan 26 11:09:34 LAPTOP-DT44HS44 containerd[224]: time="2026-01-26T11:09:34.310613002+01:00" level=info msg="loading plugin \"io.containerd.snapshotter.v1.native\"..." type=io.containerd.snapshotter.v1
Jan 26 11:09:34 LAPTOP-DT44HS44 containerd[224]: time="2026-01-26T11:09:34.311133470+01:00" level=info msg="loading plugin \"io.containerd.snapshotter.v1.overlayfs\"..." type=io.containerd.snapshotter.v1
Jan 26 11:09:34 LAPTOP-DT44HS44 containerd[224]: time="2026-01-26T11:09:34.311885700+01:00" level=info msg="loading plugin \"io.containerd.snapshotter.v1.zfs\"..." type=io.containerd.snapshotter.v1
Jan 26 11:09:34 LAPTOP-DT44HS44 containerd[224]: time="2026-01-26T11:09:34.312198635+01:00" level=info msg="skip loading plugin \"io.containerd.snapshotter.v1.zfs\"..." error="path /var/lib/containerd/io.containerd.snapshotter.v1.zfs must be a zfs filesystem to be used with the zfs snapshotter: skip plugin" type=io.containerd.snapshotter.v1
Jan 26 11:09:34 LAPTOP-DT44HS44 containerd[224]: time="2026-01-26T11:09:34.312232549+01:00" level=info msg="loading plugin \"io.containerd.content.v1.content\"..." type=io.containerd.content.v1
Jan 26 11:09:34 LAPTOP-DT44HS44 containerd[224]: time="2026-01-26T11:09:34.312266670+01:00" level=info msg="loading plugin \"io.containerd.metadata.v1.bolt\"..." type=io.containerd.metadata.v1
Jan 26 11:09:34 LAPTOP-DT44HS44 containerd[224]: time="2026-01-26T11:09:34.312386253+01:00" level=info msg="metadata content store policy set" policy=shared
Jan 26 11:09:34 LAPTOP-DT44HS44 containerd[224]: time="2026-01-26T11:09:34.347450920+01:00" level=info msg="loading plugin \"io.containerd.gc.v1.scheduler\"..." type=io.containerd.gc.v1
Jan 26 11:09:34 LAPTOP-DT44HS44 containerd[224]: time="2026-01-26T11:09:34.347597009+01:00" level=info msg="loading plugin \"io.containerd.differ.v1.walking\"..." type=io.containerd.differ.v1
Jan 26 11:09:34 LAPTOP-DT44HS44 containerd[224]: time="2026-01-26T11:09:34.347638049+01:00" level=info msg="loading plugin \"io.containerd.lease.v1.manager\"..." type=io.containerd.lease.v1
Jan 26 11:09:34 LAPTOP-DT44HS44 containerd[224]: time="2026-01-26T11:09:34.347673036+01:00" level=info msg="loading plugin \"io.containerd.streaming.v1.manager\"..." type=io.containerd.streaming.v1
Jan 26 11:09:34 LAPTOP-DT44HS44 systemd[1]: Started Unattended Upgrades Shutdown.
Jan 26 11:09:34 LAPTOP-DT44HS44 containerd[224]: time="2026-01-26T11:09:34.347709933+01:00" level=info msg="loading plugin \"io.containerd.runtime.v1.linux\"..." type=io.containerd.runtime.v1
Jan 26 11:09:34 LAPTOP-DT44HS44 containerd[224]: time="2026-01-26T11:09:34.347890165+01:00" level=info msg="loading plugin \"io.containerd.monitor.v1.cgroups\"..." type=io.containerd.monitor.v1
Jan 26 11:09:34 LAPTOP-DT44HS44 containerd[224]: time="2026-01-26T11:09:34.349941470+01:00" level=info msg="loading plugin \"io.containerd.runtime.v2.task\"..." type=io.containerd.runtime.v2
Jan 26 11:09:34 LAPTOP-DT44HS44 containerd[224]: time="2026-01-26T11:09:34.350199443+01:00" level=info msg="loading plugin \"io.containerd.runtime.v2.shim\"..." type=io.containerd.runtime.v2
Jan 26 11:09:34 LAPTOP-DT44HS44 containerd[224]: time="2026-01-26T11:09:34.350242594+01:00" level=info msg="loading plugin \"io.containerd.sandbox.store.v1.local\"..." type=io.containerd.sandbox.store.v1
Jan 26 11:09:34 LAPTOP-DT44HS44 containerd[224]: time="2026-01-26T11:09:34.350272949+01:00" level=info msg="loading plugin \"io.containerd.sandbox.controller.v1.local\"..." type=io.containerd.sandbox.controller.v1
Jan 26 11:09:34 LAPTOP-DT44HS44 containerd[224]: time="2026-01-26T11:09:34.350301827+01:00" level=info msg="loading plugin \"io.containerd.service.v1.containers-service\"..." type=io.containerd.service.v1
Jan 26 11:09:34 LAPTOP-DT44HS44 containerd[224]: time="2026-01-26T11:09:34.350339347+01:00" level=info msg="loading plugin \"io.containerd.service.v1.content-service\"..." type=io.containerd.service.v1
